<!doctype html public "-//w3c//dtd html 4.0 transitional//en">
<html><head>
<title>Static Call Graph - [STM32F407VGT6Project\STM32F407VGT6Project.axf]</title></head>
<body><HR>
<H1>Static Call Graph for image STM32F407VGT6Project\STM32F407VGT6Project.axf</H1><HR>
<BR><P>#&#060CALLGRAPH&#062# ARM Linker, 6130100: Last Updated: Mon Jan 13 15:24:49 2020
<BR><P>
<H3>Maximum Stack Usage =       1144 bytes + Unknown(Cycles, Untraceable Function Pointers)</H3><H3>
Call chain for Maximum Stack Depth:</H3>
main &rArr; Task_Manage &rArr; Task_Manage_Step &rArr; Task_Manage_2 &rArr; JTAGTask_USARTCmd_Task &rArr; JTAGTask_USARTCmd_ParentTask_New &rArr; JTAGTask_USARTCmd_ChildTask &rArr; JTAGTask_USARTCmd_EraseChip &rArr; JTAGTask_CheckChipFlashEmpty &rArr; JTAGLib_CheckChipFlashEmpty &rArr; JTAG_CheckChipFlashEmpty &rArr; JTAG_ReadChipFlashLongAddr &rArr; JTAG_ReadChipFlashAddr &rArr; JTAG_ShiftIR_BIT &rArr; JTAG_RunCaptureIR &rArr; JTAG_RunTestlogicReset &rArr; GPIO_SetOutputPin &rArr; LL_GPIO_SetOutputPins &rArr; LL_GPIO_SetOutputPin
<P>
<H3>
Mutually Recursive functions
</H3> <LI><a href="#[1c]">ADC_IRQHandler</a>&nbsp;&nbsp;&nbsp;&rArr;&nbsp;&nbsp;&nbsp;<a href="#[1c]">ADC_IRQHandler</a><BR>
 <LI><a href="#[ee]">DelayN_us</a>&nbsp;&nbsp;&nbsp;&rArr;&nbsp;&nbsp;&nbsp;<a href="#[ec]">Delay_ms</a><BR>
</UL>
<P>
<H3>
Function Pointers
</H3><UL>
 <LI><a href="#[1c]">ADC_IRQHandler</a> from startup_stm32f407xx.o(.text) referenced from startup_stm32f407xx.o(RESET)
 <LI><a href="#[4]">BusFault_Handler</a> from stm32f4xx_it.o(.text.BusFault_Handler) referenced from startup_stm32f407xx.o(RESET)
 <LI><a href="#[1e]">CAN1_RX0_IRQHandler</a> from startup_stm32f407xx.o(.text) referenced from startup_stm32f407xx.o(RESET)
 <LI><a href="#[1f]">CAN1_RX1_IRQHandler</a> from startup_stm32f407xx.o(.text) referenced from startup_stm32f407xx.o(RESET)
 <LI><a href="#[20]">CAN1_SCE_IRQHandler</a> from startup_stm32f407xx.o(.text) referenced from startup_stm32f407xx.o(RESET)
 <LI><a href="#[1d]">CAN1_TX_IRQHandler</a> from startup_stm32f407xx.o(.text) referenced from startup_stm32f407xx.o(RESET)
 <LI><a href="#[4a]">CAN2_RX0_IRQHandler</a> from startup_stm32f407xx.o(.text) referenced from startup_stm32f407xx.o(RESET)
 <LI><a href="#[4b]">CAN2_RX1_IRQHandler</a> from startup_stm32f407xx.o(.text) referenced from startup_stm32f407xx.o(RESET)
 <LI><a href="#[4c]">CAN2_SCE_IRQHandler</a> from startup_stm32f407xx.o(.text) referenced from startup_stm32f407xx.o(RESET)
 <LI><a href="#[49]">CAN2_TX_IRQHandler</a> from startup_stm32f407xx.o(.text) referenced from startup_stm32f407xx.o(RESET)
 <LI><a href="#[58]">DCMI_IRQHandler</a> from startup_stm32f407xx.o(.text) referenced from startup_stm32f407xx.o(RESET)
 <LI><a href="#[15]">DMA1_Stream0_IRQHandler</a> from startup_stm32f407xx.o(.text) referenced from startup_stm32f407xx.o(RESET)
 <LI><a href="#[16]">DMA1_Stream1_IRQHandler</a> from startup_stm32f407xx.o(.text) referenced from startup_stm32f407xx.o(RESET)
 <LI><a href="#[17]">DMA1_Stream2_IRQHandler</a> from startup_stm32f407xx.o(.text) referenced from startup_stm32f407xx.o(RESET)
 <LI><a href="#[18]">DMA1_Stream3_IRQHandler</a> from startup_stm32f407xx.o(.text) referenced from startup_stm32f407xx.o(RESET)
 <LI><a href="#[19]">DMA1_Stream4_IRQHandler</a> from startup_stm32f407xx.o(.text) referenced from startup_stm32f407xx.o(RESET)
 <LI><a href="#[1a]">DMA1_Stream5_IRQHandler</a> from startup_stm32f407xx.o(.text) referenced from startup_stm32f407xx.o(RESET)
 <LI><a href="#[1b]">DMA1_Stream6_IRQHandler</a> from startup_stm32f407xx.o(.text) referenced from startup_stm32f407xx.o(RESET)
 <LI><a href="#[39]">DMA1_Stream7_IRQHandler</a> from startup_stm32f407xx.o(.text) referenced from startup_stm32f407xx.o(RESET)
 <LI><a href="#[42]">DMA2_Stream0_IRQHandler</a> from stm32f4xx_it.o(.text.DMA2_Stream0_IRQHandler) referenced from startup_stm32f407xx.o(RESET)
 <LI><a href="#[43]">DMA2_Stream1_IRQHandler</a> from stm32f4xx_it.o(.text.DMA2_Stream1_IRQHandler) referenced from startup_stm32f407xx.o(RESET)
 <LI><a href="#[44]">DMA2_Stream2_IRQHandler</a> from stm32f4xx_it.o(.text.DMA2_Stream2_IRQHandler) referenced from startup_stm32f407xx.o(RESET)
 <LI><a href="#[45]">DMA2_Stream3_IRQHandler</a> from startup_stm32f407xx.o(.text) referenced from startup_stm32f407xx.o(RESET)
 <LI><a href="#[46]">DMA2_Stream4_IRQHandler</a> from startup_stm32f407xx.o(.text) referenced from startup_stm32f407xx.o(RESET)
 <LI><a href="#[4e]">DMA2_Stream5_IRQHandler</a> from startup_stm32f407xx.o(.text) referenced from startup_stm32f407xx.o(RESET)
 <LI><a href="#[4f]">DMA2_Stream6_IRQHandler</a> from startup_stm32f407xx.o(.text) referenced from startup_stm32f407xx.o(RESET)
 <LI><a href="#[50]">DMA2_Stream7_IRQHandler</a> from stm32f4xx_it.o(.text.DMA2_Stream7_IRQHandler) referenced from startup_stm32f407xx.o(RESET)
 <LI><a href="#[7]">DebugMon_Handler</a> from stm32f4xx_it.o(.text.DebugMon_Handler) referenced from startup_stm32f407xx.o(RESET)
 <LI><a href="#[5f]">DelayTask_ms</a> from delay_task.o(.text.DelayTask_ms) referenced 2 times from hvpp_cfg.o(.text.HVPP_Init)
 <LI><a href="#[5f]">DelayTask_ms</a> from delay_task.o(.text.DelayTask_ms) referenced 2 times from isp_cfg.o(.text.ISP_Init)
 <LI><a href="#[5f]">DelayTask_ms</a> from delay_task.o(.text.DelayTask_ms) referenced 2 times from main.o(.text.Sys_Init)
 <LI><a href="#[5e]">DelayTask_us</a> from delay_task.o(.text.DelayTask_us) referenced 2 times from hvpp_cfg.o(.text.HVPP_Init)
 <LI><a href="#[5e]">DelayTask_us</a> from delay_task.o(.text.DelayTask_us) referenced 2 times from i2c_cfg.o(.text.I2C_MSW_Init)
 <LI><a href="#[5e]">DelayTask_us</a> from delay_task.o(.text.DelayTask_us) referenced 2 times from isp_cfg.o(.text.ISP_Init)
 <LI><a href="#[5e]">DelayTask_us</a> from delay_task.o(.text.DelayTask_us) referenced 2 times from main.o(.text.Sys_Init)
 <LI><a href="#[47]">ETH_IRQHandler</a> from startup_stm32f407xx.o(.text) referenced from startup_stm32f407xx.o(RESET)
 <LI><a href="#[48]">ETH_WKUP_IRQHandler</a> from startup_stm32f407xx.o(.text) referenced from startup_stm32f407xx.o(RESET)
 <LI><a href="#[10]">EXTI0_IRQHandler</a> from startup_stm32f407xx.o(.text) referenced from startup_stm32f407xx.o(RESET)
 <LI><a href="#[32]">EXTI15_10_IRQHandler</a> from startup_stm32f407xx.o(.text) referenced from startup_stm32f407xx.o(RESET)
 <LI><a href="#[11]">EXTI1_IRQHandler</a> from startup_stm32f407xx.o(.text) referenced from startup_stm32f407xx.o(RESET)
 <LI><a href="#[12]">EXTI2_IRQHandler</a> from startup_stm32f407xx.o(.text) referenced from startup_stm32f407xx.o(RESET)
 <LI><a href="#[13]">EXTI3_IRQHandler</a> from startup_stm32f407xx.o(.text) referenced from startup_stm32f407xx.o(RESET)
 <LI><a href="#[14]">EXTI4_IRQHandler</a> from startup_stm32f407xx.o(.text) referenced from startup_stm32f407xx.o(RESET)
 <LI><a href="#[21]">EXTI9_5_IRQHandler</a> from startup_stm32f407xx.o(.text) referenced from startup_stm32f407xx.o(RESET)
 <LI><a href="#[e]">FLASH_IRQHandler</a> from startup_stm32f407xx.o(.text) referenced from startup_stm32f407xx.o(RESET)
 <LI><a href="#[3a]">FMC_IRQHandler</a> from startup_stm32f407xx.o(.text) referenced from startup_stm32f407xx.o(RESET)
 <LI><a href="#[5a]">FPU_IRQHandler</a> from startup_stm32f407xx.o(.text) referenced from startup_stm32f407xx.o(RESET)
 <LI><a href="#[6b]">HAL_IncTick</a> from stm32f4xx_hal.o(.text.HAL_IncTick) referenced 2 times from systick_cfg.o(.text.SysTick_msInit)
 <LI><a href="#[59]">HASH_RNG_IRQHandler</a> from stm32f4xx_it.o(.text.HASH_RNG_IRQHandler) referenced from startup_stm32f407xx.o(RESET)
 <LI><a href="#[2]">HardFault_Handler</a> from stm32f4xx_it.o(.text.HardFault_Handler) referenced from startup_stm32f407xx.o(RESET)
 <LI><a href="#[2a]">I2C1_ER_IRQHandler</a> from startup_stm32f407xx.o(.text) referenced from startup_stm32f407xx.o(RESET)
 <LI><a href="#[29]">I2C1_EV_IRQHandler</a> from startup_stm32f407xx.o(.text) referenced from startup_stm32f407xx.o(RESET)
 <LI><a href="#[2c]">I2C2_ER_IRQHandler</a> from startup_stm32f407xx.o(.text) referenced from startup_stm32f407xx.o(RESET)
 <LI><a href="#[2b]">I2C2_EV_IRQHandler</a> from startup_stm32f407xx.o(.text) referenced from startup_stm32f407xx.o(RESET)
 <LI><a href="#[53]">I2C3_ER_IRQHandler</a> from startup_stm32f407xx.o(.text) referenced from startup_stm32f407xx.o(RESET)
 <LI><a href="#[52]">I2C3_EV_IRQHandler</a> from startup_stm32f407xx.o(.text) referenced from startup_stm32f407xx.o(RESET)
 <LI><a href="#[61]">ISP_AddWatchDevice0</a> from isp_cfg.o(.text.ISP_AddWatchDevice0) referenced 2 times from isp_cfg.o(.text.ISP_AddWatch)
 <LI><a href="#[61]">ISP_AddWatchDevice0</a> from isp_cfg.o(.text.ISP_AddWatchDevice0) referenced 2 times from isp_cfg.o(.text.ISP_RemoveWatch)
 <LI><a href="#[62]">ISP_AddWatchDevice1</a> from isp_cfg.o(.text.ISP_AddWatchDevice1) referenced 2 times from isp_cfg.o(.text.ISP_AddWatch)
 <LI><a href="#[62]">ISP_AddWatchDevice1</a> from isp_cfg.o(.text.ISP_AddWatchDevice1) referenced 2 times from isp_cfg.o(.text.ISP_RemoveWatch)
 <LI><a href="#[63]">ISP_AddWatchDevice2</a> from isp_cfg.o(.text.ISP_AddWatchDevice2) referenced 2 times from isp_cfg.o(.text.ISP_AddWatch)
 <LI><a href="#[63]">ISP_AddWatchDevice2</a> from isp_cfg.o(.text.ISP_AddWatchDevice2) referenced 2 times from isp_cfg.o(.text.ISP_RemoveWatch)
 <LI><a href="#[64]">ISP_Device0_RST</a> from isp_cfg.o(.text.ISP_Device0_RST) referenced 2 times from isp_cfg.o(.text.ISP_Device0_Init)
 <LI><a href="#[66]">ISP_HW_SendCmd</a> from isp_cfg.o(.text.ISP_HW_SendCmd) referenced 4 times from isp_cfg.o(.text.ISP_SetClock)
 <LI><a href="#[65]">ISP_SW_SendCmd</a> from isp_cfg.o(.text.ISP_SW_SendCmd) referenced 4 times from isp_cfg.o(.text.ISP_SetClock)
 <LI><a href="#[67]">JTAG_AddWatchDevice0</a> from jtag_cfg.o(.text.JTAG_AddWatchDevice0) referenced 2 times from jtag_cfg.o(.text.JTAG_RemoveWatch)
 <LI><a href="#[68]">JTAG_AddWatchDevice1</a> from jtag_cfg.o(.text.JTAG_AddWatchDevice1) referenced 2 times from jtag_cfg.o(.text.JTAG_RemoveWatch)
 <LI><a href="#[69]">JTAG_AddWatchDevice2</a> from jtag_cfg.o(.text.JTAG_AddWatchDevice2) referenced 2 times from jtag_cfg.o(.text.JTAG_RemoveWatch)
 <LI><a href="#[6a]">LEDWork_Task</a> from led_cfg.o(.text.LEDWork_Task) referenced 2 times from led_cfg.o(.text.LEDWork_Init)
 <LI><a href="#[3]">MemManage_Handler</a> from stm32f4xx_it.o(.text.MemManage_Handler) referenced from startup_stm32f407xx.o(RESET)
 <LI><a href="#[6d]">MyMemInit</a> from my_malloc.o(.text.MyMemInit) referenced from my_malloc.o(.data.g_MyMallocDev)
 <LI><a href="#[6e]">MyMemusedRate</a> from my_malloc.o(.text.MyMemusedRate) referenced from my_malloc.o(.data.g_MyMallocDev)
 <LI><a href="#[1]">NMI_Handler</a> from stm32f4xx_it.o(.text.NMI_Handler) referenced from startup_stm32f407xx.o(RESET)
 <LI><a href="#[4d]">OTG_FS_IRQHandler</a> from startup_stm32f407xx.o(.text) referenced from startup_stm32f407xx.o(RESET)
 <LI><a href="#[34]">OTG_FS_WKUP_IRQHandler</a> from startup_stm32f407xx.o(.text) referenced from startup_stm32f407xx.o(RESET)
 <LI><a href="#[55]">OTG_HS_EP1_IN_IRQHandler</a> from startup_stm32f407xx.o(.text) referenced from startup_stm32f407xx.o(RESET)
 <LI><a href="#[54]">OTG_HS_EP1_OUT_IRQHandler</a> from startup_stm32f407xx.o(.text) referenced from startup_stm32f407xx.o(RESET)
 <LI><a href="#[57]">OTG_HS_IRQHandler</a> from startup_stm32f407xx.o(.text) referenced from startup_stm32f407xx.o(RESET)
 <LI><a href="#[56]">OTG_HS_WKUP_IRQHandler</a> from startup_stm32f407xx.o(.text) referenced from startup_stm32f407xx.o(RESET)
 <LI><a href="#[b]">PVD_IRQHandler</a> from startup_stm32f407xx.o(.text) referenced from startup_stm32f407xx.o(RESET)
 <LI><a href="#[8]">PendSV_Handler</a> from stm32f4xx_it.o(.text.PendSV_Handler) referenced from startup_stm32f407xx.o(RESET)
 <LI><a href="#[f]">RCC_IRQHandler</a> from stm32f4xx_it.o(.text.RCC_IRQHandler) referenced from startup_stm32f407xx.o(RESET)
 <LI><a href="#[33]">RTC_Alarm_IRQHandler</a> from startup_stm32f407xx.o(.text) referenced from startup_stm32f407xx.o(RESET)
 <LI><a href="#[d]">RTC_WKUP_IRQHandler</a> from startup_stm32f407xx.o(.text) referenced from startup_stm32f407xx.o(RESET)
 <LI><a href="#[0]">Reset_Handler</a> from startup_stm32f407xx.o(.text) referenced from startup_stm32f407xx.o(RESET)
 <LI><a href="#[3b]">SDIO_IRQHandler</a> from startup_stm32f407xx.o(.text) referenced from startup_stm32f407xx.o(RESET)
 <LI><a href="#[2d]">SPI1_IRQHandler</a> from startup_stm32f407xx.o(.text) referenced from startup_stm32f407xx.o(RESET)
 <LI><a href="#[2e]">SPI2_IRQHandler</a> from startup_stm32f407xx.o(.text) referenced from startup_stm32f407xx.o(RESET)
 <LI><a href="#[3d]">SPI3_IRQHandler</a> from startup_stm32f407xx.o(.text) referenced from startup_stm32f407xx.o(RESET)
 <LI><a href="#[6]">SVC_Handler</a> from stm32f4xx_it.o(.text.SVC_Handler) referenced from startup_stm32f407xx.o(RESET)
 <LI><a href="#[60]">SysTickTask_GetTick</a> from systick_task.o(.text.SysTickTask_GetTick) referenced 2 times from hvpp_cfg.o(.text.HVPP_Init)
 <LI><a href="#[60]">SysTickTask_GetTick</a> from systick_task.o(.text.SysTickTask_GetTick) referenced 2 times from i2c_cfg.o(.text.I2C_MSW_Init)
 <LI><a href="#[60]">SysTickTask_GetTick</a> from systick_task.o(.text.SysTickTask_GetTick) referenced 2 times from isp_cfg.o(.text.ISP_Init)
 <LI><a href="#[60]">SysTickTask_GetTick</a> from systick_task.o(.text.SysTickTask_GetTick) referenced 4 times from main.o(.text.Sys_Init)
 <LI><a href="#[9]">SysTick_Handler</a> from stm32f4xx_it.o(.text.SysTick_Handler) referenced from startup_stm32f407xx.o(RESET)
 <LI><a href="#[5c]">SystemInit</a> from system_stm32f4xx.o(.text.SystemInit) referenced from startup_stm32f407xx.o(.text)
 <LI><a href="#[c]">TAMP_STAMP_IRQHandler</a> from startup_stm32f407xx.o(.text) referenced from startup_stm32f407xx.o(RESET)
 <LI><a href="#[22]">TIM1_BRK_TIM9_IRQHandler</a> from startup_stm32f407xx.o(.text) referenced from startup_stm32f407xx.o(RESET)
 <LI><a href="#[25]">TIM1_CC_IRQHandler</a> from startup_stm32f407xx.o(.text) referenced from startup_stm32f407xx.o(RESET)
 <LI><a href="#[24]">TIM1_TRG_COM_TIM11_IRQHandler</a> from startup_stm32f407xx.o(.text) referenced from startup_stm32f407xx.o(RESET)
 <LI><a href="#[23]">TIM1_UP_TIM10_IRQHandler</a> from startup_stm32f407xx.o(.text) referenced from startup_stm32f407xx.o(RESET)
 <LI><a href="#[26]">TIM2_IRQHandler</a> from stm32f4xx_it.o(.text.TIM2_IRQHandler) referenced from startup_stm32f407xx.o(RESET)
 <LI><a href="#[27]">TIM3_IRQHandler</a> from startup_stm32f407xx.o(.text) referenced from startup_stm32f407xx.o(RESET)
 <LI><a href="#[28]">TIM4_IRQHandler</a> from startup_stm32f407xx.o(.text) referenced from startup_stm32f407xx.o(RESET)
 <LI><a href="#[3c]">TIM5_IRQHandler</a> from startup_stm32f407xx.o(.text) referenced from startup_stm32f407xx.o(RESET)
 <LI><a href="#[40]">TIM6_DAC_IRQHandler</a> from startup_stm32f407xx.o(.text) referenced from startup_stm32f407xx.o(RESET)
 <LI><a href="#[41]">TIM7_IRQHandler</a> from startup_stm32f407xx.o(.text) referenced from startup_stm32f407xx.o(RESET)
 <LI><a href="#[35]">TIM8_BRK_TIM12_IRQHandler</a> from startup_stm32f407xx.o(.text) referenced from startup_stm32f407xx.o(RESET)
 <LI><a href="#[38]">TIM8_CC_IRQHandler</a> from startup_stm32f407xx.o(.text) referenced from startup_stm32f407xx.o(RESET)
 <LI><a href="#[37]">TIM8_TRG_COM_TIM14_IRQHandler</a> from startup_stm32f407xx.o(.text) referenced from startup_stm32f407xx.o(RESET)
 <LI><a href="#[36]">TIM8_UP_TIM13_IRQHandler</a> from startup_stm32f407xx.o(.text) referenced from startup_stm32f407xx.o(RESET)
 <LI><a href="#[3e]">UART4_IRQHandler</a> from startup_stm32f407xx.o(.text) referenced from startup_stm32f407xx.o(RESET)
 <LI><a href="#[3f]">UART5_IRQHandler</a> from startup_stm32f407xx.o(.text) referenced from startup_stm32f407xx.o(RESET)
 <LI><a href="#[2f]">USART1_IRQHandler</a> from stm32f4xx_it.o(.text.USART1_IRQHandler) referenced from startup_stm32f407xx.o(RESET)
 <LI><a href="#[30]">USART2_IRQHandler</a> from startup_stm32f407xx.o(.text) referenced from startup_stm32f407xx.o(RESET)
 <LI><a href="#[31]">USART3_IRQHandler</a> from startup_stm32f407xx.o(.text) referenced from startup_stm32f407xx.o(RESET)
 <LI><a href="#[51]">USART6_IRQHandler</a> from startup_stm32f407xx.o(.text) referenced from startup_stm32f407xx.o(RESET)
 <LI><a href="#[5]">UsageFault_Handler</a> from stm32f4xx_it.o(.text.UsageFault_Handler) referenced from startup_stm32f407xx.o(RESET)
 <LI><a href="#[a]">WWDG_IRQHandler</a> from stm32f4xx_it.o(.text.WWDG_IRQHandler) referenced from startup_stm32f407xx.o(RESET)
 <LI><a href="#[5d]">__main</a> from entry.o(.ARM.Collect$$$$00000000) referenced from startup_stm32f407xx.o(.text)
 <LI><a href="#[6c]">_snputc</a> from printfa.o(i._snputc) referenced from printfa.o(i.__0vsnprintf)
 <LI><a href="#[5b]">main</a> from main.o(.text.main) referenced from entry9a.o(.ARM.Collect$$$$0000000B)
</UL>
<P>
<H3>
Global Symbols
</H3>
<P><STRONG><a name="[5d]"></a>__main</STRONG> (Thumb, 0 bytes, Stack size unknown bytes, entry.o(.ARM.Collect$$$$00000000))
<BR>[Address Reference Count : 1]<UL><LI> startup_stm32f407xx.o(.text)
</UL>
<P><STRONG><a name="[391]"></a>_main_stk</STRONG> (Thumb, 0 bytes, Stack size unknown bytes, entry2.o(.ARM.Collect$$$$00000001))

<P><STRONG><a name="[6f]"></a>_main_scatterload</STRONG> (Thumb, 0 bytes, Stack size unknown bytes, entry5.o(.ARM.Collect$$$$00000004))
<BR><BR>[Calls]<UL><LI><a href="#[70]">&gt;&gt;</a>&nbsp;&nbsp;&nbsp;__scatterload
</UL>

<P><STRONG><a name="[82]"></a>__main_after_scatterload</STRONG> (Thumb, 0 bytes, Stack size unknown bytes, entry5.o(.ARM.Collect$$$$00000004))
<BR><BR>[Called By]<UL><LI><a href="#[70]">&gt;&gt;</a>&nbsp;&nbsp;&nbsp;__scatterload
</UL>

<P><STRONG><a name="[392]"></a>_main_clock</STRONG> (Thumb, 0 bytes, Stack size unknown bytes, entry7b.o(.ARM.Collect$$$$00000008))

<P><STRONG><a name="[393]"></a>_main_cpp_init</STRONG> (Thumb, 0 bytes, Stack size unknown bytes, entry8b.o(.ARM.Collect$$$$0000000A))

<P><STRONG><a name="[394]"></a>_main_init</STRONG> (Thumb, 0 bytes, Stack size unknown bytes, entry9a.o(.ARM.Collect$$$$0000000B))

<P><STRONG><a name="[395]"></a>__rt_final_cpp</STRONG> (Thumb, 0 bytes, Stack size unknown bytes, entry10a.o(.ARM.Collect$$$$0000000D))

<P><STRONG><a name="[396]"></a>__rt_final_exit</STRONG> (Thumb, 0 bytes, Stack size unknown bytes, entry11a.o(.ARM.Collect$$$$0000000F))

<P><STRONG><a name="[0]"></a>Reset_Handler</STRONG> (Thumb, 8 bytes, Stack size 0 bytes, startup_stm32f407xx.o(.text))
<BR>[Address Reference Count : 1]<UL><LI> startup_stm32f407xx.o(RESET)
</UL>
<P><STRONG><a name="[1c]"></a>ADC_IRQHandler</STRONG> (Thumb, 0 bytes, Stack size 0 bytes, startup_stm32f407xx.o(.text))
<BR><BR>[Calls]<UL><LI><a href="#[1c]">&gt;&gt;</a>&nbsp;&nbsp;&nbsp;ADC_IRQHandler
</UL>
<BR>[Called By]<UL><LI><a href="#[1c]">&gt;&gt;</a>&nbsp;&nbsp;&nbsp;ADC_IRQHandler
</UL>
<BR>[Address Reference Count : 1]<UL><LI> startup_stm32f407xx.o(RESET)
</UL>
<P><STRONG><a name="[1e]"></a>CAN1_RX0_IRQHandler</STRONG> (Thumb, 0 bytes, Stack size 0 bytes, startup_stm32f407xx.o(.text))
<BR>[Address Reference Count : 1]<UL><LI> startup_stm32f407xx.o(RESET)
</UL>
<P><STRONG><a name="[1f]"></a>CAN1_RX1_IRQHandler</STRONG> (Thumb, 0 bytes, Stack size 0 bytes, startup_stm32f407xx.o(.text))
<BR>[Address Reference Count : 1]<UL><LI> startup_stm32f407xx.o(RESET)
</UL>
<P><STRONG><a name="[20]"></a>CAN1_SCE_IRQHandler</STRONG> (Thumb, 0 bytes, Stack size 0 bytes, startup_stm32f407xx.o(.text))
<BR>[Address Reference Count : 1]<UL><LI> startup_stm32f407xx.o(RESET)
</UL>
<P><STRONG><a name="[1d]"></a>CAN1_TX_IRQHandler</STRONG> (Thumb, 0 bytes, Stack size 0 bytes, startup_stm32f407xx.o(.text))
<BR>[Address Reference Count : 1]<UL><LI> startup_stm32f407xx.o(RESET)
</UL>
<P><STRONG><a name="[4a]"></a>CAN2_RX0_IRQHandler</STRONG> (Thumb, 0 bytes, Stack size 0 bytes, startup_stm32f407xx.o(.text))
<BR>[Address Reference Count : 1]<UL><LI> startup_stm32f407xx.o(RESET)
</UL>
<P><STRONG><a name="[4b]"></a>CAN2_RX1_IRQHandler</STRONG> (Thumb, 0 bytes, Stack size 0 bytes, startup_stm32f407xx.o(.text))
<BR>[Address Reference Count : 1]<UL><LI> startup_stm32f407xx.o(RESET)
</UL>
<P><STRONG><a name="[4c]"></a>CAN2_SCE_IRQHandler</STRONG> (Thumb, 0 bytes, Stack size 0 bytes, startup_stm32f407xx.o(.text))
<BR>[Address Reference Count : 1]<UL><LI> startup_stm32f407xx.o(RESET)
</UL>
<P><STRONG><a name="[49]"></a>CAN2_TX_IRQHandler</STRONG> (Thumb, 0 bytes, Stack size 0 bytes, startup_stm32f407xx.o(.text))
<BR>[Address Reference Count : 1]<UL><LI> startup_stm32f407xx.o(RESET)
</UL>
<P><STRONG><a name="[58]"></a>DCMI_IRQHandler</STRONG> (Thumb, 0 bytes, Stack size 0 bytes, startup_stm32f407xx.o(.text))
<BR>[Address Reference Count : 1]<UL><LI> startup_stm32f407xx.o(RESET)
</UL>
<P><STRONG><a name="[15]"></a>DMA1_Stream0_IRQHandler</STRONG> (Thumb, 0 bytes, Stack size 0 bytes, startup_stm32f407xx.o(.text))
<BR>[Address Reference Count : 1]<UL><LI> startup_stm32f407xx.o(RESET)
</UL>
<P><STRONG><a name="[16]"></a>DMA1_Stream1_IRQHandler</STRONG> (Thumb, 0 bytes, Stack size 0 bytes, startup_stm32f407xx.o(.text))
<BR>[Address Reference Count : 1]<UL><LI> startup_stm32f407xx.o(RESET)
</UL>
<P><STRONG><a name="[17]"></a>DMA1_Stream2_IRQHandler</STRONG> (Thumb, 0 bytes, Stack size 0 bytes, startup_stm32f407xx.o(.text))
<BR>[Address Reference Count : 1]<UL><LI> startup_stm32f407xx.o(RESET)
</UL>
<P><STRONG><a name="[18]"></a>DMA1_Stream3_IRQHandler</STRONG> (Thumb, 0 bytes, Stack size 0 bytes, startup_stm32f407xx.o(.text))
<BR>[Address Reference Count : 1]<UL><LI> startup_stm32f407xx.o(RESET)
</UL>
<P><STRONG><a name="[19]"></a>DMA1_Stream4_IRQHandler</STRONG> (Thumb, 0 bytes, Stack size 0 bytes, startup_stm32f407xx.o(.text))
<BR>[Address Reference Count : 1]<UL><LI> startup_stm32f407xx.o(RESET)
</UL>
<P><STRONG><a name="[1a]"></a>DMA1_Stream5_IRQHandler</STRONG> (Thumb, 0 bytes, Stack size 0 bytes, startup_stm32f407xx.o(.text))
<BR>[Address Reference Count : 1]<UL><LI> startup_stm32f407xx.o(RESET)
</UL>
<P><STRONG><a name="[1b]"></a>DMA1_Stream6_IRQHandler</STRONG> (Thumb, 0 bytes, Stack size 0 bytes, startup_stm32f407xx.o(.text))
<BR>[Address Reference Count : 1]<UL><LI> startup_stm32f407xx.o(RESET)
</UL>
<P><STRONG><a name="[39]"></a>DMA1_Stream7_IRQHandler</STRONG> (Thumb, 0 bytes, Stack size 0 bytes, startup_stm32f407xx.o(.text))
<BR>[Address Reference Count : 1]<UL><LI> startup_stm32f407xx.o(RESET)
</UL>
<P><STRONG><a name="[45]"></a>DMA2_Stream3_IRQHandler</STRONG> (Thumb, 0 bytes, Stack size 0 bytes, startup_stm32f407xx.o(.text))
<BR>[Address Reference Count : 1]<UL><LI> startup_stm32f407xx.o(RESET)
</UL>
<P><STRONG><a name="[46]"></a>DMA2_Stream4_IRQHandler</STRONG> (Thumb, 0 bytes, Stack size 0 bytes, startup_stm32f407xx.o(.text))
<BR>[Address Reference Count : 1]<UL><LI> startup_stm32f407xx.o(RESET)
</UL>
<P><STRONG><a name="[4e]"></a>DMA2_Stream5_IRQHandler</STRONG> (Thumb, 0 bytes, Stack size 0 bytes, startup_stm32f407xx.o(.text))
<BR>[Address Reference Count : 1]<UL><LI> startup_stm32f407xx.o(RESET)
</UL>
<P><STRONG><a name="[4f]"></a>DMA2_Stream6_IRQHandler</STRONG> (Thumb, 0 bytes, Stack size 0 bytes, startup_stm32f407xx.o(.text))
<BR>[Address Reference Count : 1]<UL><LI> startup_stm32f407xx.o(RESET)
</UL>
<P><STRONG><a name="[47]"></a>ETH_IRQHandler</STRONG> (Thumb, 0 bytes, Stack size 0 bytes, startup_stm32f407xx.o(.text))
<BR>[Address Reference Count : 1]<UL><LI> startup_stm32f407xx.o(RESET)
</UL>
<P><STRONG><a name="[48]"></a>ETH_WKUP_IRQHandler</STRONG> (Thumb, 0 bytes, Stack size 0 bytes, startup_stm32f407xx.o(.text))
<BR>[Address Reference Count : 1]<UL><LI> startup_stm32f407xx.o(RESET)
</UL>
<P><STRONG><a name="[10]"></a>EXTI0_IRQHandler</STRONG> (Thumb, 0 bytes, Stack size 0 bytes, startup_stm32f407xx.o(.text))
<BR>[Address Reference Count : 1]<UL><LI> startup_stm32f407xx.o(RESET)
</UL>
<P><STRONG><a name="[32]"></a>EXTI15_10_IRQHandler</STRONG> (Thumb, 0 bytes, Stack size 0 bytes, startup_stm32f407xx.o(.text))
<BR>[Address Reference Count : 1]<UL><LI> startup_stm32f407xx.o(RESET)
</UL>
<P><STRONG><a name="[11]"></a>EXTI1_IRQHandler</STRONG> (Thumb, 0 bytes, Stack size 0 bytes, startup_stm32f407xx.o(.text))
<BR>[Address Reference Count : 1]<UL><LI> startup_stm32f407xx.o(RESET)
</UL>
<P><STRONG><a name="[12]"></a>EXTI2_IRQHandler</STRONG> (Thumb, 0 bytes, Stack size 0 bytes, startup_stm32f407xx.o(.text))
<BR>[Address Reference Count : 1]<UL><LI> startup_stm32f407xx.o(RESET)
</UL>
<P><STRONG><a name="[13]"></a>EXTI3_IRQHandler</STRONG> (Thumb, 0 bytes, Stack size 0 bytes, startup_stm32f407xx.o(.text))
<BR>[Address Reference Count : 1]<UL><LI> startup_stm32f407xx.o(RESET)
</UL>
<P><STRONG><a name="[14]"></a>EXTI4_IRQHandler</STRONG> (Thumb, 0 bytes, Stack size 0 bytes, startup_stm32f407xx.o(.text))
<BR>[Address Reference Count : 1]<UL><LI> startup_stm32f407xx.o(RESET)
</UL>
<P><STRONG><a name="[21]"></a>EXTI9_5_IRQHandler</STRONG> (Thumb, 0 bytes, Stack size 0 bytes, startup_stm32f407xx.o(.text))
<BR>[Address Reference Count : 1]<UL><LI> startup_stm32f407xx.o(RESET)
</UL>
<P><STRONG><a name="[e]"></a>FLASH_IRQHandler</STRONG> (Thumb, 0 bytes, Stack size 0 bytes, startup_stm32f407xx.o(.text))
<BR>[Address Reference Count : 1]<UL><LI> startup_stm32f407xx.o(RESET)
</UL>
<P><STRONG><a name="[3a]"></a>FMC_IRQHandler</STRONG> (Thumb, 0 bytes, Stack size 0 bytes, startup_stm32f407xx.o(.text))
<BR>[Address Reference Count : 1]<UL><LI> startup_stm32f407xx.o(RESET)
</UL>
<P><STRONG><a name="[5a]"></a>FPU_IRQHandler</STRONG> (Thumb, 0 bytes, Stack size 0 bytes, startup_stm32f407xx.o(.text))
<BR>[Address Reference Count : 1]<UL><LI> startup_stm32f407xx.o(RESET)
</UL>
<P><STRONG><a name="[2a]"></a>I2C1_ER_IRQHandler</STRONG> (Thumb, 0 bytes, Stack size 0 bytes, startup_stm32f407xx.o(.text))
<BR>[Address Reference Count : 1]<UL><LI> startup_stm32f407xx.o(RESET)
</UL>
<P><STRONG><a name="[29]"></a>I2C1_EV_IRQHandler</STRONG> (Thumb, 0 bytes, Stack size 0 bytes, startup_stm32f407xx.o(.text))
<BR>[Address Reference Count : 1]<UL><LI> startup_stm32f407xx.o(RESET)
</UL>
<P><STRONG><a name="[2c]"></a>I2C2_ER_IRQHandler</STRONG> (Thumb, 0 bytes, Stack size 0 bytes, startup_stm32f407xx.o(.text))
<BR>[Address Reference Count : 1]<UL><LI> startup_stm32f407xx.o(RESET)
</UL>
<P><STRONG><a name="[2b]"></a>I2C2_EV_IRQHandler</STRONG> (Thumb, 0 bytes, Stack size 0 bytes, startup_stm32f407xx.o(.text))
<BR>[Address Reference Count : 1]<UL><LI> startup_stm32f407xx.o(RESET)
</UL>
<P><STRONG><a name="[53]"></a>I2C3_ER_IRQHandler</STRONG> (Thumb, 0 bytes, Stack size 0 bytes, startup_stm32f407xx.o(.text))
<BR>[Address Reference Count : 1]<UL><LI> startup_stm32f407xx.o(RESET)
</UL>
<P><STRONG><a name="[52]"></a>I2C3_EV_IRQHandler</STRONG> (Thumb, 0 bytes, Stack size 0 bytes, startup_stm32f407xx.o(.text))
<BR>[Address Reference Count : 1]<UL><LI> startup_stm32f407xx.o(RESET)
</UL>
<P><STRONG><a name="[4d]"></a>OTG_FS_IRQHandler</STRONG> (Thumb, 0 bytes, Stack size 0 bytes, startup_stm32f407xx.o(.text))
<BR>[Address Reference Count : 1]<UL><LI> startup_stm32f407xx.o(RESET)
</UL>
<P><STRONG><a name="[34]"></a>OTG_FS_WKUP_IRQHandler</STRONG> (Thumb, 0 bytes, Stack size 0 bytes, startup_stm32f407xx.o(.text))
<BR>[Address Reference Count : 1]<UL><LI> startup_stm32f407xx.o(RESET)
</UL>
<P><STRONG><a name="[55]"></a>OTG_HS_EP1_IN_IRQHandler</STRONG> (Thumb, 0 bytes, Stack size 0 bytes, startup_stm32f407xx.o(.text))
<BR>[Address Reference Count : 1]<UL><LI> startup_stm32f407xx.o(RESET)
</UL>
<P><STRONG><a name="[54]"></a>OTG_HS_EP1_OUT_IRQHandler</STRONG> (Thumb, 0 bytes, Stack size 0 bytes, startup_stm32f407xx.o(.text))
<BR>[Address Reference Count : 1]<UL><LI> startup_stm32f407xx.o(RESET)
</UL>
<P><STRONG><a name="[57]"></a>OTG_HS_IRQHandler</STRONG> (Thumb, 0 bytes, Stack size 0 bytes, startup_stm32f407xx.o(.text))
<BR>[Address Reference Count : 1]<UL><LI> startup_stm32f407xx.o(RESET)
</UL>
<P><STRONG><a name="[56]"></a>OTG_HS_WKUP_IRQHandler</STRONG> (Thumb, 0 bytes, Stack size 0 bytes, startup_stm32f407xx.o(.text))
<BR>[Address Reference Count : 1]<UL><LI> startup_stm32f407xx.o(RESET)
</UL>
<P><STRONG><a name="[b]"></a>PVD_IRQHandler</STRONG> (Thumb, 0 bytes, Stack size 0 bytes, startup_stm32f407xx.o(.text))
<BR>[Address Reference Count : 1]<UL><LI> startup_stm32f407xx.o(RESET)
</UL>
<P><STRONG><a name="[33]"></a>RTC_Alarm_IRQHandler</STRONG> (Thumb, 0 bytes, Stack size 0 bytes, startup_stm32f407xx.o(.text))
<BR>[Address Reference Count : 1]<UL><LI> startup_stm32f407xx.o(RESET)
</UL>
<P><STRONG><a name="[d]"></a>RTC_WKUP_IRQHandler</STRONG> (Thumb, 0 bytes, Stack size 0 bytes, startup_stm32f407xx.o(.text))
<BR>[Address Reference Count : 1]<UL><LI> startup_stm32f407xx.o(RESET)
</UL>
<P><STRONG><a name="[3b]"></a>SDIO_IRQHandler</STRONG> (Thumb, 0 bytes, Stack size 0 bytes, startup_stm32f407xx.o(.text))
<BR>[Address Reference Count : 1]<UL><LI> startup_stm32f407xx.o(RESET)
</UL>
<P><STRONG><a name="[2d]"></a>SPI1_IRQHandler</STRONG> (Thumb, 0 bytes, Stack size 0 bytes, startup_stm32f407xx.o(.text))
<BR>[Address Reference Count : 1]<UL><LI> startup_stm32f407xx.o(RESET)
</UL>
<P><STRONG><a name="[2e]"></a>SPI2_IRQHandler</STRONG> (Thumb, 0 bytes, Stack size 0 bytes, startup_stm32f407xx.o(.text))
<BR>[Address Reference Count : 1]<UL><LI> startup_stm32f407xx.o(RESET)
</UL>
<P><STRONG><a name="[3d]"></a>SPI3_IRQHandler</STRONG> (Thumb, 0 bytes, Stack size 0 bytes, startup_stm32f407xx.o(.text))
<BR>[Address Reference Count : 1]<UL><LI> startup_stm32f407xx.o(RESET)
</UL>
<P><STRONG><a name="[c]"></a>TAMP_STAMP_IRQHandler</STRONG> (Thumb, 0 bytes, Stack size 0 bytes, startup_stm32f407xx.o(.text))
<BR>[Address Reference Count : 1]<UL><LI> startup_stm32f407xx.o(RESET)
</UL>
<P><STRONG><a name="[22]"></a>TIM1_BRK_TIM9_IRQHandler</STRONG> (Thumb, 0 bytes, Stack size 0 bytes, startup_stm32f407xx.o(.text))
<BR>[Address Reference Count : 1]<UL><LI> startup_stm32f407xx.o(RESET)
</UL>
<P><STRONG><a name="[25]"></a>TIM1_CC_IRQHandler</STRONG> (Thumb, 0 bytes, Stack size 0 bytes, startup_stm32f407xx.o(.text))
<BR>[Address Reference Count : 1]<UL><LI> startup_stm32f407xx.o(RESET)
</UL>
<P><STRONG><a name="[24]"></a>TIM1_TRG_COM_TIM11_IRQHandler</STRONG> (Thumb, 0 bytes, Stack size 0 bytes, startup_stm32f407xx.o(.text))
<BR>[Address Reference Count : 1]<UL><LI> startup_stm32f407xx.o(RESET)
</UL>
<P><STRONG><a name="[23]"></a>TIM1_UP_TIM10_IRQHandler</STRONG> (Thumb, 0 bytes, Stack size 0 bytes, startup_stm32f407xx.o(.text))
<BR>[Address Reference Count : 1]<UL><LI> startup_stm32f407xx.o(RESET)
</UL>
<P><STRONG><a name="[27]"></a>TIM3_IRQHandler</STRONG> (Thumb, 0 bytes, Stack size 0 bytes, startup_stm32f407xx.o(.text))
<BR>[Address Reference Count : 1]<UL><LI> startup_stm32f407xx.o(RESET)
</UL>
<P><STRONG><a name="[28]"></a>TIM4_IRQHandler</STRONG> (Thumb, 0 bytes, Stack size 0 bytes, startup_stm32f407xx.o(.text))
<BR>[Address Reference Count : 1]<UL><LI> startup_stm32f407xx.o(RESET)
</UL>
<P><STRONG><a name="[3c]"></a>TIM5_IRQHandler</STRONG> (Thumb, 0 bytes, Stack size 0 bytes, startup_stm32f407xx.o(.text))
<BR>[Address Reference Count : 1]<UL><LI> startup_stm32f407xx.o(RESET)
</UL>
<P><STRONG><a name="[40]"></a>TIM6_DAC_IRQHandler</STRONG> (Thumb, 0 bytes, Stack size 0 bytes, startup_stm32f407xx.o(.text))
<BR>[Address Reference Count : 1]<UL><LI> startup_stm32f407xx.o(RESET)
</UL>
<P><STRONG><a name="[41]"></a>TIM7_IRQHandler</STRONG> (Thumb, 0 bytes, Stack size 0 bytes, startup_stm32f407xx.o(.text))
<BR>[Address Reference Count : 1]<UL><LI> startup_stm32f407xx.o(RESET)
</UL>
<P><STRONG><a name="[35]"></a>TIM8_BRK_TIM12_IRQHandler</STRONG> (Thumb, 0 bytes, Stack size 0 bytes, startup_stm32f407xx.o(.text))
<BR>[Address Reference Count : 1]<UL><LI> startup_stm32f407xx.o(RESET)
</UL>
<P><STRONG><a name="[38]"></a>TIM8_CC_IRQHandler</STRONG> (Thumb, 0 bytes, Stack size 0 bytes, startup_stm32f407xx.o(.text))
<BR>[Address Reference Count : 1]<UL><LI> startup_stm32f407xx.o(RESET)
</UL>
<P><STRONG><a name="[37]"></a>TIM8_TRG_COM_TIM14_IRQHandler</STRONG> (Thumb, 0 bytes, Stack size 0 bytes, startup_stm32f407xx.o(.text))
<BR>[Address Reference Count : 1]<UL><LI> startup_stm32f407xx.o(RESET)
</UL>
<P><STRONG><a name="[36]"></a>TIM8_UP_TIM13_IRQHandler</STRONG> (Thumb, 0 bytes, Stack size 0 bytes, startup_stm32f407xx.o(.text))
<BR>[Address Reference Count : 1]<UL><LI> startup_stm32f407xx.o(RESET)
</UL>
<P><STRONG><a name="[3e]"></a>UART4_IRQHandler</STRONG> (Thumb, 0 bytes, Stack size 0 bytes, startup_stm32f407xx.o(.text))
<BR>[Address Reference Count : 1]<UL><LI> startup_stm32f407xx.o(RESET)
</UL>
<P><STRONG><a name="[3f]"></a>UART5_IRQHandler</STRONG> (Thumb, 0 bytes, Stack size 0 bytes, startup_stm32f407xx.o(.text))
<BR>[Address Reference Count : 1]<UL><LI> startup_stm32f407xx.o(RESET)
</UL>
<P><STRONG><a name="[30]"></a>USART2_IRQHandler</STRONG> (Thumb, 0 bytes, Stack size 0 bytes, startup_stm32f407xx.o(.text))
<BR>[Address Reference Count : 1]<UL><LI> startup_stm32f407xx.o(RESET)
</UL>
<P><STRONG><a name="[31]"></a>USART3_IRQHandler</STRONG> (Thumb, 0 bytes, Stack size 0 bytes, startup_stm32f407xx.o(.text))
<BR>[Address Reference Count : 1]<UL><LI> startup_stm32f407xx.o(RESET)
</UL>
<P><STRONG><a name="[51]"></a>USART6_IRQHandler</STRONG> (Thumb, 0 bytes, Stack size 0 bytes, startup_stm32f407xx.o(.text))
<BR>[Address Reference Count : 1]<UL><LI> startup_stm32f407xx.o(RESET)
</UL>
<P><STRONG><a name="[71]"></a>__aeabi_uldivmod</STRONG> (Thumb, 98 bytes, Stack size 40 bytes, uldiv.o(.text))
<BR><BR>[Stack]<UL><LI>Max Depth = 40<LI>Call Chain = __aeabi_uldivmod
</UL>
<BR>[Calls]<UL><LI><a href="#[72]">&gt;&gt;</a>&nbsp;&nbsp;&nbsp;__aeabi_llsr
<LI><a href="#[73]">&gt;&gt;</a>&nbsp;&nbsp;&nbsp;__aeabi_llsl
</UL>
<BR>[Called By]<UL><LI><a href="#[26d]">&gt;&gt;</a>&nbsp;&nbsp;&nbsp;LL_USART_SetBaudRate
<LI><a href="#[38b]">&gt;&gt;</a>&nbsp;&nbsp;&nbsp;_printf_core
<LI><a href="#[38c]">&gt;&gt;</a>&nbsp;&nbsp;&nbsp;_fp_digits
</UL>

<P><STRONG><a name="[75]"></a>__aeabi_memset</STRONG> (Thumb, 14 bytes, Stack size 0 bytes, memseta.o(.text))
<BR><BR>[Called By]<UL><LI><a href="#[76]">&gt;&gt;</a>&nbsp;&nbsp;&nbsp;_memset$wrapper
<LI><a href="#[74]">&gt;&gt;</a>&nbsp;&nbsp;&nbsp;__aeabi_memclr
</UL>

<P><STRONG><a name="[397]"></a>__aeabi_memset4</STRONG> (Thumb, 0 bytes, Stack size 0 bytes, memseta.o(.text), UNUSED)

<P><STRONG><a name="[398]"></a>__aeabi_memset8</STRONG> (Thumb, 0 bytes, Stack size 0 bytes, memseta.o(.text), UNUSED)

<P><STRONG><a name="[74]"></a>__aeabi_memclr</STRONG> (Thumb, 4 bytes, Stack size 0 bytes, memseta.o(.text))
<BR><BR>[Calls]<UL><LI><a href="#[75]">&gt;&gt;</a>&nbsp;&nbsp;&nbsp;__aeabi_memset
</UL>
<BR>[Called By]<UL><LI><a href="#[8c]">&gt;&gt;</a>&nbsp;&nbsp;&nbsp;ADC_HandleChannelVal
<LI><a href="#[84]">&gt;&gt;</a>&nbsp;&nbsp;&nbsp;ADC_ADCTask_START
</UL>

<P><STRONG><a name="[97]"></a>__aeabi_memclr4</STRONG> (Thumb, 0 bytes, Stack size 0 bytes, memseta.o(.text))
<BR><BR>[Called By]<UL><LI><a href="#[93]">&gt;&gt;</a>&nbsp;&nbsp;&nbsp;ADC_ADC1_DMA_Init
<LI><a href="#[18d]">&gt;&gt;</a>&nbsp;&nbsp;&nbsp;ISP_HW_Init
<LI><a href="#[314]">&gt;&gt;</a>&nbsp;&nbsp;&nbsp;USART1_Write_DMA_Init
<LI><a href="#[313]">&gt;&gt;</a>&nbsp;&nbsp;&nbsp;USART1_Read_DMA_Init
</UL>

<P><STRONG><a name="[399]"></a>__aeabi_memclr8</STRONG> (Thumb, 0 bytes, Stack size 0 bytes, memseta.o(.text), UNUSED)

<P><STRONG><a name="[76]"></a>_memset$wrapper</STRONG> (Thumb, 18 bytes, Stack size 8 bytes, memseta.o(.text), UNUSED)
<BR><BR>[Calls]<UL><LI><a href="#[75]">&gt;&gt;</a>&nbsp;&nbsp;&nbsp;__aeabi_memset
</UL>

<P><STRONG><a name="[77]"></a>__aeabi_dadd</STRONG> (Thumb, 322 bytes, Stack size 48 bytes, dadd.o(.text))
<BR><BR>[Stack]<UL><LI>Max Depth = 88<LI>Call Chain = __aeabi_dadd &rArr; _double_epilogue &rArr; _double_round
</UL>
<BR>[Calls]<UL><LI><a href="#[78]">&gt;&gt;</a>&nbsp;&nbsp;&nbsp;__aeabi_lasr
<LI><a href="#[73]">&gt;&gt;</a>&nbsp;&nbsp;&nbsp;__aeabi_llsl
<LI><a href="#[7a]">&gt;&gt;</a>&nbsp;&nbsp;&nbsp;_double_round
<LI><a href="#[79]">&gt;&gt;</a>&nbsp;&nbsp;&nbsp;_double_epilogue
</UL>
<BR>[Called By]<UL><LI><a href="#[ba]">&gt;&gt;</a>&nbsp;&nbsp;&nbsp;CalcAvgWordFromIndex
<LI><a href="#[7c]">&gt;&gt;</a>&nbsp;&nbsp;&nbsp;__aeabi_drsub
<LI><a href="#[7b]">&gt;&gt;</a>&nbsp;&nbsp;&nbsp;__aeabi_dsub
<LI><a href="#[38c]">&gt;&gt;</a>&nbsp;&nbsp;&nbsp;_fp_digits
</UL>

<P><STRONG><a name="[7b]"></a>__aeabi_dsub</STRONG> (Thumb, 6 bytes, Stack size 0 bytes, dadd.o(.text), UNUSED)
<BR><BR>[Calls]<UL><LI><a href="#[77]">&gt;&gt;</a>&nbsp;&nbsp;&nbsp;__aeabi_dadd
</UL>

<P><STRONG><a name="[7c]"></a>__aeabi_drsub</STRONG> (Thumb, 6 bytes, Stack size 0 bytes, dadd.o(.text), UNUSED)
<BR><BR>[Calls]<UL><LI><a href="#[77]">&gt;&gt;</a>&nbsp;&nbsp;&nbsp;__aeabi_dadd
</UL>

<P><STRONG><a name="[7d]"></a>__aeabi_dmul</STRONG> (Thumb, 228 bytes, Stack size 48 bytes, dmul.o(.text), UNUSED)
<BR><BR>[Calls]<UL><LI><a href="#[79]">&gt;&gt;</a>&nbsp;&nbsp;&nbsp;_double_epilogue
</UL>
<BR>[Called By]<UL><LI><a href="#[38c]">&gt;&gt;</a>&nbsp;&nbsp;&nbsp;_fp_digits
</UL>

<P><STRONG><a name="[7e]"></a>__aeabi_ddiv</STRONG> (Thumb, 222 bytes, Stack size 32 bytes, ddiv.o(.text))
<BR><BR>[Stack]<UL><LI>Max Depth = 40<LI>Call Chain = __aeabi_ddiv &rArr; _double_round
</UL>
<BR>[Calls]<UL><LI><a href="#[7a]">&gt;&gt;</a>&nbsp;&nbsp;&nbsp;_double_round
</UL>
<BR>[Called By]<UL><LI><a href="#[ba]">&gt;&gt;</a>&nbsp;&nbsp;&nbsp;CalcAvgWordFromIndex
<LI><a href="#[38c]">&gt;&gt;</a>&nbsp;&nbsp;&nbsp;_fp_digits
</UL>

<P><STRONG><a name="[7f]"></a>__aeabi_i2d</STRONG> (Thumb, 34 bytes, Stack size 16 bytes, dflti.o(.text))
<BR><BR>[Stack]<UL><LI>Max Depth = 56<LI>Call Chain = __aeabi_i2d &rArr; _double_epilogue &rArr; _double_round
</UL>
<BR>[Calls]<UL><LI><a href="#[79]">&gt;&gt;</a>&nbsp;&nbsp;&nbsp;_double_epilogue
</UL>
<BR>[Called By]<UL><LI><a href="#[ba]">&gt;&gt;</a>&nbsp;&nbsp;&nbsp;CalcAvgWordFromIndex
</UL>

<P><STRONG><a name="[80]"></a>__aeabi_d2iz</STRONG> (Thumb, 62 bytes, Stack size 16 bytes, dfixi.o(.text))
<BR><BR>[Stack]<UL><LI>Max Depth = 16<LI>Call Chain = __aeabi_d2iz
</UL>
<BR>[Calls]<UL><LI><a href="#[72]">&gt;&gt;</a>&nbsp;&nbsp;&nbsp;__aeabi_llsr
</UL>
<BR>[Called By]<UL><LI><a href="#[ba]">&gt;&gt;</a>&nbsp;&nbsp;&nbsp;CalcAvgWordFromIndex
</UL>

<P><STRONG><a name="[39a]"></a>__aeabi_uidiv</STRONG> (Thumb, 0 bytes, Stack size 12 bytes, uidiv.o(.text), UNUSED)

<P><STRONG><a name="[390]"></a>__aeabi_uidivmod</STRONG> (Thumb, 44 bytes, Stack size 12 bytes, uidiv.o(.text), UNUSED)
<BR><BR>[Called By]<UL><LI><a href="#[38b]">&gt;&gt;</a>&nbsp;&nbsp;&nbsp;_printf_core
</UL>

<P><STRONG><a name="[73]"></a>__aeabi_llsl</STRONG> (Thumb, 30 bytes, Stack size 0 bytes, llshl.o(.text))
<BR><BR>[Called By]<UL><LI><a href="#[77]">&gt;&gt;</a>&nbsp;&nbsp;&nbsp;__aeabi_dadd
<LI><a href="#[79]">&gt;&gt;</a>&nbsp;&nbsp;&nbsp;_double_epilogue
<LI><a href="#[81]">&gt;&gt;</a>&nbsp;&nbsp;&nbsp;__aeabi_d2ulz
<LI><a href="#[71]">&gt;&gt;</a>&nbsp;&nbsp;&nbsp;__aeabi_uldivmod
</UL>

<P><STRONG><a name="[39b]"></a>_ll_shift_l</STRONG> (Thumb, 0 bytes, Stack size 0 bytes, llshl.o(.text), UNUSED)

<P><STRONG><a name="[72]"></a>__aeabi_llsr</STRONG> (Thumb, 32 bytes, Stack size 0 bytes, llushr.o(.text))
<BR><BR>[Called By]<UL><LI><a href="#[80]">&gt;&gt;</a>&nbsp;&nbsp;&nbsp;__aeabi_d2iz
<LI><a href="#[79]">&gt;&gt;</a>&nbsp;&nbsp;&nbsp;_double_epilogue
<LI><a href="#[81]">&gt;&gt;</a>&nbsp;&nbsp;&nbsp;__aeabi_d2ulz
<LI><a href="#[71]">&gt;&gt;</a>&nbsp;&nbsp;&nbsp;__aeabi_uldivmod
</UL>

<P><STRONG><a name="[39c]"></a>_ll_ushift_r</STRONG> (Thumb, 0 bytes, Stack size 0 bytes, llushr.o(.text), UNUSED)

<P><STRONG><a name="[78]"></a>__aeabi_lasr</STRONG> (Thumb, 36 bytes, Stack size 0 bytes, llsshr.o(.text))
<BR><BR>[Called By]<UL><LI><a href="#[77]">&gt;&gt;</a>&nbsp;&nbsp;&nbsp;__aeabi_dadd
</UL>

<P><STRONG><a name="[39d]"></a>_ll_sshift_r</STRONG> (Thumb, 0 bytes, Stack size 0 bytes, llsshr.o(.text), UNUSED)

<P><STRONG><a name="[39e]"></a>__I$use$fp</STRONG> (Thumb, 0 bytes, Stack size 8 bytes, iusefp.o(.text), UNUSED)

<P><STRONG><a name="[7a]"></a>_double_round</STRONG> (Thumb, 30 bytes, Stack size 8 bytes, depilogue.o(.text))
<BR><BR>[Stack]<UL><LI>Max Depth = 8<LI>Call Chain = _double_round
</UL>
<BR>[Called By]<UL><LI><a href="#[7e]">&gt;&gt;</a>&nbsp;&nbsp;&nbsp;__aeabi_ddiv
<LI><a href="#[77]">&gt;&gt;</a>&nbsp;&nbsp;&nbsp;__aeabi_dadd
<LI><a href="#[79]">&gt;&gt;</a>&nbsp;&nbsp;&nbsp;_double_epilogue
</UL>

<P><STRONG><a name="[79]"></a>_double_epilogue</STRONG> (Thumb, 156 bytes, Stack size 32 bytes, depilogue.o(.text))
<BR><BR>[Stack]<UL><LI>Max Depth = 40<LI>Call Chain = _double_epilogue &rArr; _double_round
</UL>
<BR>[Calls]<UL><LI><a href="#[72]">&gt;&gt;</a>&nbsp;&nbsp;&nbsp;__aeabi_llsr
<LI><a href="#[73]">&gt;&gt;</a>&nbsp;&nbsp;&nbsp;__aeabi_llsl
<LI><a href="#[7a]">&gt;&gt;</a>&nbsp;&nbsp;&nbsp;_double_round
</UL>
<BR>[Called By]<UL><LI><a href="#[7f]">&gt;&gt;</a>&nbsp;&nbsp;&nbsp;__aeabi_i2d
<LI><a href="#[77]">&gt;&gt;</a>&nbsp;&nbsp;&nbsp;__aeabi_dadd
<LI><a href="#[7d]">&gt;&gt;</a>&nbsp;&nbsp;&nbsp;__aeabi_dmul
</UL>

<P><STRONG><a name="[81]"></a>__aeabi_d2ulz</STRONG> (Thumb, 48 bytes, Stack size 0 bytes, dfixul.o(.text), UNUSED)
<BR><BR>[Calls]<UL><LI><a href="#[72]">&gt;&gt;</a>&nbsp;&nbsp;&nbsp;__aeabi_llsr
<LI><a href="#[73]">&gt;&gt;</a>&nbsp;&nbsp;&nbsp;__aeabi_llsl
</UL>
<BR>[Called By]<UL><LI><a href="#[38c]">&gt;&gt;</a>&nbsp;&nbsp;&nbsp;_fp_digits
</UL>

<P><STRONG><a name="[38d]"></a>__aeabi_cdrcmple</STRONG> (Thumb, 48 bytes, Stack size 0 bytes, cdrcmple.o(.text), UNUSED)
<BR><BR>[Called By]<UL><LI><a href="#[38c]">&gt;&gt;</a>&nbsp;&nbsp;&nbsp;_fp_digits
</UL>

<P><STRONG><a name="[70]"></a>__scatterload</STRONG> (Thumb, 28 bytes, Stack size 0 bytes, init.o(.text))
<BR><BR>[Calls]<UL><LI><a href="#[82]">&gt;&gt;</a>&nbsp;&nbsp;&nbsp;__main_after_scatterload
</UL>
<BR>[Called By]<UL><LI><a href="#[6f]">&gt;&gt;</a>&nbsp;&nbsp;&nbsp;_main_scatterload
</UL>

<P><STRONG><a name="[39f]"></a>__scatterload_rt2</STRONG> (Thumb, 0 bytes, Stack size 0 bytes, init.o(.text), UNUSED)

<P><STRONG><a name="[83]"></a>ADCLib_ADCTask_START</STRONG> (Thumb, 16 bytes, Stack size 16 bytes, adc_lib.o(.text.ADCLib_ADCTask_START))
<BR><BR>[Stack]<UL><LI>Max Depth = 92<LI>Call Chain = ADCLib_ADCTask_START &rArr; ADC_ADCTask_START &rArr; ADC_ADC3_DMA_Restart &rArr; ADC_SoftStart &rArr; LL_ADC_REG_StartConversionSWStart
</UL>
<BR>[Calls]<UL><LI><a href="#[84]">&gt;&gt;</a>&nbsp;&nbsp;&nbsp;ADC_ADCTask_START
</UL>
<BR>[Called By]<UL><LI><a href="#[8d]">&gt;&gt;</a>&nbsp;&nbsp;&nbsp;ADCTask_ADCTask_START
</UL>

<P><STRONG><a name="[85]"></a>ADCLib_ADCTask_STOP</STRONG> (Thumb, 16 bytes, Stack size 16 bytes, adc_lib.o(.text.ADCLib_ADCTask_STOP))
<BR><BR>[Stack]<UL><LI>Max Depth = 76<LI>Call Chain = ADCLib_ADCTask_STOP &rArr; ADC_ADCTask_STOP &rArr; ADC_ADC1_DMA_Stop &rArr; LL_DMA_ClearFlag &rArr; LL_DMA_ClearFlag_TE7
</UL>
<BR>[Calls]<UL><LI><a href="#[86]">&gt;&gt;</a>&nbsp;&nbsp;&nbsp;ADC_ADCTask_STOP
</UL>
<BR>[Called By]<UL><LI><a href="#[8e]">&gt;&gt;</a>&nbsp;&nbsp;&nbsp;ADCTask_ADCTask_STOP
</UL>

<P><STRONG><a name="[87]"></a>ADCLib_ADC_Init</STRONG> (Thumb, 8 bytes, Stack size 8 bytes, adc_lib.o(.text.ADCLib_ADC_Init))
<BR><BR>[Stack]<UL><LI>Max Depth = 268<LI>Call Chain = ADCLib_ADC_Init &rArr; ADC_ADC_Init &rArr; ADC_ADCTask_Init &rArr; ADC_ADC1Task_Init &rArr; ADC_ADC1_DMA_Init &rArr; LL_DMA_DeInit &rArr; LL_DMA_SetChannelSelection
</UL>
<BR>[Calls]<UL><LI><a href="#[88]">&gt;&gt;</a>&nbsp;&nbsp;&nbsp;ADC_ADC_Init
</UL>
<BR>[Called By]<UL><LI><a href="#[8f]">&gt;&gt;</a>&nbsp;&nbsp;&nbsp;ADCTask_ADC_Init
</UL>

<P><STRONG><a name="[89]"></a>ADCLib_GetChipPower</STRONG> (Thumb, 8 bytes, Stack size 8 bytes, adc_lib.o(.text.ADCLib_GetChipPower))
<BR><BR>[Stack]<UL><LI>Max Depth = 12<LI>Call Chain = ADCLib_GetChipPower &rArr; ADC_GetChipPower
</UL>
<BR>[Calls]<UL><LI><a href="#[8a]">&gt;&gt;</a>&nbsp;&nbsp;&nbsp;ADC_GetChipPower
</UL>
<BR>[Called By]<UL><LI><a href="#[90]">&gt;&gt;</a>&nbsp;&nbsp;&nbsp;ADCTask_GetChipPower
</UL>

<P><STRONG><a name="[8b]"></a>ADCLib_HandleChannelVal</STRONG> (Thumb, 16 bytes, Stack size 16 bytes, adc_lib.o(.text.ADCLib_HandleChannelVal))
<BR><BR>[Stack]<UL><LI>Max Depth = 272<LI>Call Chain = ADCLib_HandleChannelVal &rArr; ADC_HandleChannelVal &rArr; CalcAvgWordFromIndex &rArr; __aeabi_dadd &rArr; _double_epilogue &rArr; _double_round
</UL>
<BR>[Calls]<UL><LI><a href="#[8c]">&gt;&gt;</a>&nbsp;&nbsp;&nbsp;ADC_HandleChannelVal
</UL>
<BR>[Called By]<UL><LI><a href="#[91]">&gt;&gt;</a>&nbsp;&nbsp;&nbsp;ADCTask_HandleChannelVal
</UL>

<P><STRONG><a name="[8d]"></a>ADCTask_ADCTask_START</STRONG> (Thumb, 16 bytes, Stack size 16 bytes, adc_task.o(.text.ADCTask_ADCTask_START))
<BR><BR>[Stack]<UL><LI>Max Depth = 108<LI>Call Chain = ADCTask_ADCTask_START &rArr; ADCLib_ADCTask_START &rArr; ADC_ADCTask_START &rArr; ADC_ADC3_DMA_Restart &rArr; ADC_SoftStart &rArr; LL_ADC_REG_StartConversionSWStart
</UL>
<BR>[Calls]<UL><LI><a href="#[83]">&gt;&gt;</a>&nbsp;&nbsp;&nbsp;ADCLib_ADCTask_START
</UL>
<BR>[Called By]<UL><LI><a href="#[42]">&gt;&gt;</a>&nbsp;&nbsp;&nbsp;DMA2_Stream0_IRQHandler
<LI><a href="#[2d4]">&gt;&gt;</a>&nbsp;&nbsp;&nbsp;Sys_Init
</UL>

<P><STRONG><a name="[8e]"></a>ADCTask_ADCTask_STOP</STRONG> (Thumb, 16 bytes, Stack size 16 bytes, adc_task.o(.text.ADCTask_ADCTask_STOP))
<BR><BR>[Stack]<UL><LI>Max Depth = 92<LI>Call Chain = ADCTask_ADCTask_STOP &rArr; ADCLib_ADCTask_STOP &rArr; ADC_ADCTask_STOP &rArr; ADC_ADC1_DMA_Stop &rArr; LL_DMA_ClearFlag &rArr; LL_DMA_ClearFlag_TE7
</UL>
<BR>[Calls]<UL><LI><a href="#[85]">&gt;&gt;</a>&nbsp;&nbsp;&nbsp;ADCLib_ADCTask_STOP
</UL>
<BR>[Called By]<UL><LI><a href="#[42]">&gt;&gt;</a>&nbsp;&nbsp;&nbsp;DMA2_Stream0_IRQHandler
</UL>

<P><STRONG><a name="[8f]"></a>ADCTask_ADC_Init</STRONG> (Thumb, 8 bytes, Stack size 8 bytes, adc_task.o(.text.ADCTask_ADC_Init))
<BR><BR>[Stack]<UL><LI>Max Depth = 276<LI>Call Chain = ADCTask_ADC_Init &rArr; ADCLib_ADC_Init &rArr; ADC_ADC_Init &rArr; ADC_ADCTask_Init &rArr; ADC_ADC1Task_Init &rArr; ADC_ADC1_DMA_Init &rArr; LL_DMA_DeInit &rArr; LL_DMA_SetChannelSelection
</UL>
<BR>[Calls]<UL><LI><a href="#[87]">&gt;&gt;</a>&nbsp;&nbsp;&nbsp;ADCLib_ADC_Init
</UL>
<BR>[Called By]<UL><LI><a href="#[2d4]">&gt;&gt;</a>&nbsp;&nbsp;&nbsp;Sys_Init
</UL>

<P><STRONG><a name="[90]"></a>ADCTask_GetChipPower</STRONG> (Thumb, 8 bytes, Stack size 8 bytes, adc_task.o(.text.ADCTask_GetChipPower))
<BR><BR>[Stack]<UL><LI>Max Depth = 20<LI>Call Chain = ADCTask_GetChipPower &rArr; ADCLib_GetChipPower &rArr; ADC_GetChipPower
</UL>
<BR>[Calls]<UL><LI><a href="#[89]">&gt;&gt;</a>&nbsp;&nbsp;&nbsp;ADCLib_GetChipPower
</UL>
<BR>[Called By]<UL><LI><a href="#[160]">&gt;&gt;</a>&nbsp;&nbsp;&nbsp;ISPTask_ReadChipPower
<LI><a href="#[1d5]">&gt;&gt;</a>&nbsp;&nbsp;&nbsp;JTAGTask_ReadChipPower
</UL>

<P><STRONG><a name="[91]"></a>ADCTask_HandleChannelVal</STRONG> (Thumb, 16 bytes, Stack size 16 bytes, adc_task.o(.text.ADCTask_HandleChannelVal))
<BR><BR>[Stack]<UL><LI>Max Depth = 288<LI>Call Chain = ADCTask_HandleChannelVal &rArr; ADCLib_HandleChannelVal &rArr; ADC_HandleChannelVal &rArr; CalcAvgWordFromIndex &rArr; __aeabi_dadd &rArr; _double_epilogue &rArr; _double_round
</UL>
<BR>[Calls]<UL><LI><a href="#[8b]">&gt;&gt;</a>&nbsp;&nbsp;&nbsp;ADCLib_HandleChannelVal
</UL>
<BR>[Called By]<UL><LI><a href="#[42]">&gt;&gt;</a>&nbsp;&nbsp;&nbsp;DMA2_Stream0_IRQHandler
</UL>

<P><STRONG><a name="[92]"></a>ADC_ADC1Task_Init</STRONG> (Thumb, 24 bytes, Stack size 16 bytes, adc_cfg.o(.text.ADC_ADC1Task_Init))
<BR><BR>[Stack]<UL><LI>Max Depth = 228<LI>Call Chain = ADC_ADC1Task_Init &rArr; ADC_ADC1_DMA_Init &rArr; LL_DMA_DeInit &rArr; LL_DMA_SetChannelSelection
</UL>
<BR>[Calls]<UL><LI><a href="#[93]">&gt;&gt;</a>&nbsp;&nbsp;&nbsp;ADC_ADC1_DMA_Init
<LI><a href="#[94]">&gt;&gt;</a>&nbsp;&nbsp;&nbsp;ADC_ADC1_Init
</UL>
<BR>[Called By]<UL><LI><a href="#[b3]">&gt;&gt;</a>&nbsp;&nbsp;&nbsp;ADC_ADCTask_Init
</UL>

<P><STRONG><a name="[93]"></a>ADC_ADC1_DMA_Init</STRONG> (Thumb, 188 bytes, Stack size 104 bytes, adc_cfg.o(.text.ADC_ADC1_DMA_Init))
<BR><BR>[Stack]<UL><LI>Max Depth = 212<LI>Call Chain = ADC_ADC1_DMA_Init &rArr; LL_DMA_DeInit &rArr; LL_DMA_SetChannelSelection
</UL>
<BR>[Calls]<UL><LI><a href="#[9c]">&gt;&gt;</a>&nbsp;&nbsp;&nbsp;__NVIC_SetPriority
<LI><a href="#[9a]">&gt;&gt;</a>&nbsp;&nbsp;&nbsp;__NVIC_GetPriorityGrouping
<LI><a href="#[9d]">&gt;&gt;</a>&nbsp;&nbsp;&nbsp;__NVIC_EnableIRQ
<LI><a href="#[9b]">&gt;&gt;</a>&nbsp;&nbsp;&nbsp;NVIC_EncodePriority
<LI><a href="#[99]">&gt;&gt;</a>&nbsp;&nbsp;&nbsp;LL_DMA_EnableStream
<LI><a href="#[9e]">&gt;&gt;</a>&nbsp;&nbsp;&nbsp;LL_DMA_EnableIT_TC
<LI><a href="#[96]">&gt;&gt;</a>&nbsp;&nbsp;&nbsp;LL_AHB1_GRP1_EnableClock
<LI><a href="#[98]">&gt;&gt;</a>&nbsp;&nbsp;&nbsp;LL_DMA_Init
<LI><a href="#[95]">&gt;&gt;</a>&nbsp;&nbsp;&nbsp;LL_DMA_DeInit
<LI><a href="#[97]">&gt;&gt;</a>&nbsp;&nbsp;&nbsp;__aeabi_memclr4
</UL>
<BR>[Called By]<UL><LI><a href="#[92]">&gt;&gt;</a>&nbsp;&nbsp;&nbsp;ADC_ADC1Task_Init
</UL>

<P><STRONG><a name="[9f]"></a>ADC_ADC1_DMA_Restart</STRONG> (Thumb, 66 bytes, Stack size 24 bytes, adc_cfg.o(.text.ADC_ADC1_DMA_Restart))
<BR><BR>[Stack]<UL><LI>Max Depth = 52<LI>Call Chain = ADC_ADC1_DMA_Restart &rArr; ADC_SoftStart &rArr; LL_ADC_REG_StartConversionSWStart
</UL>
<BR>[Calls]<UL><LI><a href="#[a0]">&gt;&gt;</a>&nbsp;&nbsp;&nbsp;LL_DMA_SetDataLength
<LI><a href="#[99]">&gt;&gt;</a>&nbsp;&nbsp;&nbsp;LL_DMA_EnableStream
<LI><a href="#[a1]">&gt;&gt;</a>&nbsp;&nbsp;&nbsp;LL_ADC_Enable
<LI><a href="#[a2]">&gt;&gt;</a>&nbsp;&nbsp;&nbsp;ADC_SoftStart
</UL>
<BR>[Called By]<UL><LI><a href="#[84]">&gt;&gt;</a>&nbsp;&nbsp;&nbsp;ADC_ADCTask_START
</UL>

<P><STRONG><a name="[a3]"></a>ADC_ADC1_DMA_Stop</STRONG> (Thumb, 56 bytes, Stack size 24 bytes, adc_cfg.o(.text.ADC_ADC1_DMA_Stop))
<BR><BR>[Stack]<UL><LI>Max Depth = 44<LI>Call Chain = ADC_ADC1_DMA_Stop &rArr; LL_DMA_ClearFlag &rArr; LL_DMA_ClearFlag_TE7
</UL>
<BR>[Calls]<UL><LI><a href="#[a5]">&gt;&gt;</a>&nbsp;&nbsp;&nbsp;LL_DMA_ClearFlag
<LI><a href="#[a4]">&gt;&gt;</a>&nbsp;&nbsp;&nbsp;LL_DMA_DisableStream
<LI><a href="#[a6]">&gt;&gt;</a>&nbsp;&nbsp;&nbsp;LL_ADC_Disable
<LI><a href="#[a7]">&gt;&gt;</a>&nbsp;&nbsp;&nbsp;LL_ADC_ClearFlag_OVR
</UL>
<BR>[Called By]<UL><LI><a href="#[86]">&gt;&gt;</a>&nbsp;&nbsp;&nbsp;ADC_ADCTask_STOP
</UL>

<P><STRONG><a name="[94]"></a>ADC_ADC1_Init</STRONG> (Thumb, 230 bytes, Stack size 96 bytes, adc_cfg.o(.text.ADC_ADC1_Init))
<BR><BR>[Stack]<UL><LI>Max Depth = 132<LI>Call Chain = ADC_ADC1_Init &rArr; LL_ADC_CommonInit &rArr; LL_ADC_IsEnabled
</UL>
<BR>[Calls]<UL><LI><a href="#[ab]">&gt;&gt;</a>&nbsp;&nbsp;&nbsp;LL_ADC_REG_Init
<LI><a href="#[aa]">&gt;&gt;</a>&nbsp;&nbsp;&nbsp;LL_ADC_Init
<LI><a href="#[a8]">&gt;&gt;</a>&nbsp;&nbsp;&nbsp;LL_ADC_DeInit
<LI><a href="#[ac]">&gt;&gt;</a>&nbsp;&nbsp;&nbsp;LL_ADC_CommonInit
<LI><a href="#[ae]">&gt;&gt;</a>&nbsp;&nbsp;&nbsp;LL_ADC_SetChannelSamplingTime
<LI><a href="#[ad]">&gt;&gt;</a>&nbsp;&nbsp;&nbsp;LL_ADC_REG_SetSequencerRanks
<LI><a href="#[a1]">&gt;&gt;</a>&nbsp;&nbsp;&nbsp;LL_ADC_Enable
<LI><a href="#[a9]">&gt;&gt;</a>&nbsp;&nbsp;&nbsp;ADC_Clock
</UL>
<BR>[Called By]<UL><LI><a href="#[92]">&gt;&gt;</a>&nbsp;&nbsp;&nbsp;ADC_ADC1Task_Init
</UL>

<P><STRONG><a name="[af]"></a>ADC_ADC3_DMA_Restart</STRONG> (Thumb, 68 bytes, Stack size 32 bytes, adc_cfg.o(.text.ADC_ADC3_DMA_Restart))
<BR><BR>[Stack]<UL><LI>Max Depth = 60<LI>Call Chain = ADC_ADC3_DMA_Restart &rArr; ADC_SoftStart &rArr; LL_ADC_REG_StartConversionSWStart
</UL>
<BR>[Calls]<UL><LI><a href="#[a0]">&gt;&gt;</a>&nbsp;&nbsp;&nbsp;LL_DMA_SetDataLength
<LI><a href="#[99]">&gt;&gt;</a>&nbsp;&nbsp;&nbsp;LL_DMA_EnableStream
<LI><a href="#[a1]">&gt;&gt;</a>&nbsp;&nbsp;&nbsp;LL_ADC_Enable
<LI><a href="#[a2]">&gt;&gt;</a>&nbsp;&nbsp;&nbsp;ADC_SoftStart
</UL>
<BR>[Called By]<UL><LI><a href="#[84]">&gt;&gt;</a>&nbsp;&nbsp;&nbsp;ADC_ADCTask_START
</UL>

<P><STRONG><a name="[b0]"></a>ADC_ADC3_DMA_Stop</STRONG> (Thumb, 58 bytes, Stack size 16 bytes, adc_cfg.o(.text.ADC_ADC3_DMA_Stop))
<BR><BR>[Stack]<UL><LI>Max Depth = 24<LI>Call Chain = ADC_ADC3_DMA_Stop &rArr; LL_DMA_DisableStream
</UL>
<BR>[Calls]<UL><LI><a href="#[a4]">&gt;&gt;</a>&nbsp;&nbsp;&nbsp;LL_DMA_DisableStream
<LI><a href="#[b2]">&gt;&gt;</a>&nbsp;&nbsp;&nbsp;LL_DMA_ClearFlag_TC1
<LI><a href="#[b1]">&gt;&gt;</a>&nbsp;&nbsp;&nbsp;LL_DMA_ClearFlag_HT1
<LI><a href="#[a6]">&gt;&gt;</a>&nbsp;&nbsp;&nbsp;LL_ADC_Disable
<LI><a href="#[a7]">&gt;&gt;</a>&nbsp;&nbsp;&nbsp;LL_ADC_ClearFlag_OVR
</UL>
<BR>[Called By]<UL><LI><a href="#[86]">&gt;&gt;</a>&nbsp;&nbsp;&nbsp;ADC_ADCTask_STOP
</UL>

<P><STRONG><a name="[b3]"></a>ADC_ADCTask_Init</STRONG> (Thumb, 18 bytes, Stack size 16 bytes, adc_cfg.o(.text.ADC_ADCTask_Init))
<BR><BR>[Stack]<UL><LI>Max Depth = 244<LI>Call Chain = ADC_ADCTask_Init &rArr; ADC_ADC1Task_Init &rArr; ADC_ADC1_DMA_Init &rArr; LL_DMA_DeInit &rArr; LL_DMA_SetChannelSelection
</UL>
<BR>[Calls]<UL><LI><a href="#[92]">&gt;&gt;</a>&nbsp;&nbsp;&nbsp;ADC_ADC1Task_Init
</UL>
<BR>[Called By]<UL><LI><a href="#[88]">&gt;&gt;</a>&nbsp;&nbsp;&nbsp;ADC_ADC_Init
</UL>

<P><STRONG><a name="[84]"></a>ADC_ADCTask_START</STRONG> (Thumb, 146 bytes, Stack size 16 bytes, adc_cfg.o(.text.ADC_ADCTask_START))
<BR><BR>[Stack]<UL><LI>Max Depth = 76<LI>Call Chain = ADC_ADCTask_START &rArr; ADC_ADC3_DMA_Restart &rArr; ADC_SoftStart &rArr; LL_ADC_REG_StartConversionSWStart
</UL>
<BR>[Calls]<UL><LI><a href="#[af]">&gt;&gt;</a>&nbsp;&nbsp;&nbsp;ADC_ADC3_DMA_Restart
<LI><a href="#[9f]">&gt;&gt;</a>&nbsp;&nbsp;&nbsp;ADC_ADC1_DMA_Restart
<LI><a href="#[74]">&gt;&gt;</a>&nbsp;&nbsp;&nbsp;__aeabi_memclr
</UL>
<BR>[Called By]<UL><LI><a href="#[83]">&gt;&gt;</a>&nbsp;&nbsp;&nbsp;ADCLib_ADCTask_START
</UL>

<P><STRONG><a name="[86]"></a>ADC_ADCTask_STOP</STRONG> (Thumb, 130 bytes, Stack size 16 bytes, adc_cfg.o(.text.ADC_ADCTask_STOP))
<BR><BR>[Stack]<UL><LI>Max Depth = 60<LI>Call Chain = ADC_ADCTask_STOP &rArr; ADC_ADC1_DMA_Stop &rArr; LL_DMA_ClearFlag &rArr; LL_DMA_ClearFlag_TE7
</UL>
<BR>[Calls]<UL><LI><a href="#[b0]">&gt;&gt;</a>&nbsp;&nbsp;&nbsp;ADC_ADC3_DMA_Stop
<LI><a href="#[a3]">&gt;&gt;</a>&nbsp;&nbsp;&nbsp;ADC_ADC1_DMA_Stop
</UL>
<BR>[Called By]<UL><LI><a href="#[85]">&gt;&gt;</a>&nbsp;&nbsp;&nbsp;ADCLib_ADCTask_STOP
</UL>

<P><STRONG><a name="[88]"></a>ADC_ADC_Init</STRONG> (Thumb, 18 bytes, Stack size 16 bytes, adc_cfg.o(.text.ADC_ADC_Init))
<BR><BR>[Stack]<UL><LI>Max Depth = 260<LI>Call Chain = ADC_ADC_Init &rArr; ADC_ADCTask_Init &rArr; ADC_ADC1Task_Init &rArr; ADC_ADC1_DMA_Init &rArr; LL_DMA_DeInit &rArr; LL_DMA_SetChannelSelection
</UL>
<BR>[Calls]<UL><LI><a href="#[b4]">&gt;&gt;</a>&nbsp;&nbsp;&nbsp;ADC_GPIO_Init
<LI><a href="#[b3]">&gt;&gt;</a>&nbsp;&nbsp;&nbsp;ADC_ADCTask_Init
</UL>
<BR>[Called By]<UL><LI><a href="#[87]">&gt;&gt;</a>&nbsp;&nbsp;&nbsp;ADCLib_ADC_Init
</UL>

<P><STRONG><a name="[a9]"></a>ADC_Clock</STRONG> (Thumb, 188 bytes, Stack size 24 bytes, adc_cfg.o(.text.ADC_Clock))
<BR><BR>[Stack]<UL><LI>Max Depth = 32<LI>Call Chain = ADC_Clock &rArr; LL_APB2_GRP1_EnableClock
</UL>
<BR>[Calls]<UL><LI><a href="#[b5]">&gt;&gt;</a>&nbsp;&nbsp;&nbsp;LL_APB2_GRP1_EnableClock
<LI><a href="#[b6]">&gt;&gt;</a>&nbsp;&nbsp;&nbsp;LL_APB2_GRP1_DisableClock
</UL>
<BR>[Called By]<UL><LI><a href="#[94]">&gt;&gt;</a>&nbsp;&nbsp;&nbsp;ADC_ADC1_Init
</UL>

<P><STRONG><a name="[b4]"></a>ADC_GPIO_Init</STRONG> (Thumb, 70 bytes, Stack size 48 bytes, adc_cfg.o(.text.ADC_GPIO_Init))
<BR><BR>[Stack]<UL><LI>Max Depth = 128<LI>Call Chain = ADC_GPIO_Init &rArr; GPIOTask_Clock &rArr; GPIOLib_Clock &rArr; GPIO_Clock &rArr; LL_AHB1_GRP1_EnableClock
</UL>
<BR>[Calls]<UL><LI><a href="#[b8]">&gt;&gt;</a>&nbsp;&nbsp;&nbsp;LL_GPIO_Init
<LI><a href="#[b7]">&gt;&gt;</a>&nbsp;&nbsp;&nbsp;GPIOTask_Clock
</UL>
<BR>[Called By]<UL><LI><a href="#[88]">&gt;&gt;</a>&nbsp;&nbsp;&nbsp;ADC_ADC_Init
</UL>

<P><STRONG><a name="[8a]"></a>ADC_GetChipPower</STRONG> (Thumb, 48 bytes, Stack size 4 bytes, adc_cfg.o(.text.ADC_GetChipPower))
<BR><BR>[Stack]<UL><LI>Max Depth = 4<LI>Call Chain = ADC_GetChipPower
</UL>
<BR>[Called By]<UL><LI><a href="#[89]">&gt;&gt;</a>&nbsp;&nbsp;&nbsp;ADCLib_GetChipPower
</UL>

<P><STRONG><a name="[8c]"></a>ADC_HandleChannelVal</STRONG> (Thumb, 196 bytes, Stack size 128 bytes, adc_cfg.o(.text.ADC_HandleChannelVal))
<BR><BR>[Stack]<UL><LI>Max Depth = 256<LI>Call Chain = ADC_HandleChannelVal &rArr; CalcAvgWordFromIndex &rArr; __aeabi_dadd &rArr; _double_epilogue &rArr; _double_round
</UL>
<BR>[Calls]<UL><LI><a href="#[b9]">&gt;&gt;</a>&nbsp;&nbsp;&nbsp;DescSortWord
<LI><a href="#[ba]">&gt;&gt;</a>&nbsp;&nbsp;&nbsp;CalcAvgWordFromIndex
<LI><a href="#[74]">&gt;&gt;</a>&nbsp;&nbsp;&nbsp;__aeabi_memclr
</UL>
<BR>[Called By]<UL><LI><a href="#[8b]">&gt;&gt;</a>&nbsp;&nbsp;&nbsp;ADCLib_HandleChannelVal
</UL>

<P><STRONG><a name="[a2]"></a>ADC_SoftStart</STRONG> (Thumb, 64 bytes, Stack size 24 bytes, adc_cfg.o(.text.ADC_SoftStart))
<BR><BR>[Stack]<UL><LI>Max Depth = 28<LI>Call Chain = ADC_SoftStart &rArr; LL_ADC_REG_StartConversionSWStart
</UL>
<BR>[Calls]<UL><LI><a href="#[bb]">&gt;&gt;</a>&nbsp;&nbsp;&nbsp;LL_ADC_REG_StartConversionSWStart
</UL>
<BR>[Called By]<UL><LI><a href="#[af]">&gt;&gt;</a>&nbsp;&nbsp;&nbsp;ADC_ADC3_DMA_Restart
<LI><a href="#[9f]">&gt;&gt;</a>&nbsp;&nbsp;&nbsp;ADC_ADC1_DMA_Restart
</UL>

<P><STRONG><a name="[4]"></a>BusFault_Handler</STRONG> (Thumb, 4 bytes, Stack size 0 bytes, stm32f4xx_it.o(.text.BusFault_Handler))
<BR>[Address Reference Count : 1]<UL><LI> startup_stm32f407xx.o(RESET)
</UL>
<P><STRONG><a name="[bc]"></a>CRCLib_CRC16</STRONG> (Thumb, 20 bytes, Stack size 16 bytes, crc_lib.o(.text.CRCLib_CRC16))
<BR><BR>[Stack]<UL><LI>Max Depth = 32<LI>Call Chain = CRCLib_CRC16 &rArr; CRC_CRC16_Table
</UL>
<BR>[Calls]<UL><LI><a href="#[bd]">&gt;&gt;</a>&nbsp;&nbsp;&nbsp;CRC_CRC16_Table
</UL>
<BR>[Called By]<UL><LI><a href="#[c8]">&gt;&gt;</a>&nbsp;&nbsp;&nbsp;CRCTask_CRC16
</UL>

<P><STRONG><a name="[be]"></a>CRCLib_CRC32</STRONG> (Thumb, 20 bytes, Stack size 16 bytes, crc_lib.o(.text.CRCLib_CRC32))
<BR><BR>[Stack]<UL><LI>Max Depth = 76<LI>Call Chain = CRCLib_CRC32 &rArr; CRC_CRC32_CRC &rArr; CRC_CRC32_HWCRC &rArr; CRC_CRC32_HWReSet &rArr; LL_CRC_ResetCRCCalculationUnit
</UL>
<BR>[Calls]<UL><LI><a href="#[bf]">&gt;&gt;</a>&nbsp;&nbsp;&nbsp;CRC_CRC32_CRC
</UL>
<BR>[Called By]<UL><LI><a href="#[c9]">&gt;&gt;</a>&nbsp;&nbsp;&nbsp;CRCTask_CRC32
</UL>

<P><STRONG><a name="[c0]"></a>CRCLib_CRC8</STRONG> (Thumb, 32 bytes, Stack size 24 bytes, crc_lib.o(.text.CRCLib_CRC8))
<BR><BR>[Stack]<UL><LI>Max Depth = 48<LI>Call Chain = CRCLib_CRC8 &rArr; CRC_CRC8_Table
</UL>
<BR>[Calls]<UL><LI><a href="#[c1]">&gt;&gt;</a>&nbsp;&nbsp;&nbsp;CRC_CRC8_Table
</UL>
<BR>[Called By]<UL><LI><a href="#[ca]">&gt;&gt;</a>&nbsp;&nbsp;&nbsp;CRCTask_CRC8
</UL>

<P><STRONG><a name="[c2]"></a>CRCLib_CheckSum</STRONG> (Thumb, 20 bytes, Stack size 16 bytes, crc_lib.o(.text.CRCLib_CheckSum))
<BR><BR>[Stack]<UL><LI>Max Depth = 32<LI>Call Chain = CRCLib_CheckSum &rArr; CRC_CheckSum
</UL>
<BR>[Calls]<UL><LI><a href="#[c3]">&gt;&gt;</a>&nbsp;&nbsp;&nbsp;CRC_CheckSum
</UL>
<BR>[Called By]<UL><LI><a href="#[cb]">&gt;&gt;</a>&nbsp;&nbsp;&nbsp;CRCTask_CheckSum
</UL>

<P><STRONG><a name="[c4]"></a>CRCLib_Enable</STRONG> (Thumb, 8 bytes, Stack size 8 bytes, crc_lib.o(.text.CRCLib_Enable))
<BR><BR>[Stack]<UL><LI>Max Depth = 8<LI>Call Chain = CRCLib_Enable
</UL>
<BR>[Calls]<UL><LI><a href="#[c5]">&gt;&gt;</a>&nbsp;&nbsp;&nbsp;CRC_Enable
</UL>
<BR>[Called By]<UL><LI><a href="#[cc]">&gt;&gt;</a>&nbsp;&nbsp;&nbsp;CRCTask_Enable
</UL>

<P><STRONG><a name="[c6]"></a>CRCLib_Init</STRONG> (Thumb, 8 bytes, Stack size 8 bytes, crc_lib.o(.text.CRCLib_Init))
<BR><BR>[Stack]<UL><LI>Max Depth = 52<LI>Call Chain = CRCLib_Init &rArr; CRC_Init &rArr; CRC_DeInit &rArr; LL_CRC_DeInit &rArr; LL_AHB1_GRP1_ReleaseReset
</UL>
<BR>[Calls]<UL><LI><a href="#[c7]">&gt;&gt;</a>&nbsp;&nbsp;&nbsp;CRC_Init
</UL>
<BR>[Called By]<UL><LI><a href="#[cd]">&gt;&gt;</a>&nbsp;&nbsp;&nbsp;CRCTask_Init
</UL>

<P><STRONG><a name="[c8]"></a>CRCTask_CRC16</STRONG> (Thumb, 20 bytes, Stack size 16 bytes, crc_task.o(.text.CRCTask_CRC16))
<BR><BR>[Stack]<UL><LI>Max Depth = 48<LI>Call Chain = CRCTask_CRC16 &rArr; CRCLib_CRC16 &rArr; CRC_CRC16_Table
</UL>
<BR>[Calls]<UL><LI><a href="#[bc]">&gt;&gt;</a>&nbsp;&nbsp;&nbsp;CRCLib_CRC16
</UL>
<BR>[Called By]<UL><LI><a href="#[339]">&gt;&gt;</a>&nbsp;&nbsp;&nbsp;USART_CRCTask_Write
<LI><a href="#[320]">&gt;&gt;</a>&nbsp;&nbsp;&nbsp;USART_CRCTask_Read
</UL>

<P><STRONG><a name="[c9]"></a>CRCTask_CRC32</STRONG> (Thumb, 20 bytes, Stack size 16 bytes, crc_task.o(.text.CRCTask_CRC32))
<BR><BR>[Stack]<UL><LI>Max Depth = 92<LI>Call Chain = CRCTask_CRC32 &rArr; CRCLib_CRC32 &rArr; CRC_CRC32_CRC &rArr; CRC_CRC32_HWCRC &rArr; CRC_CRC32_HWReSet &rArr; LL_CRC_ResetCRCCalculationUnit
</UL>
<BR>[Calls]<UL><LI><a href="#[be]">&gt;&gt;</a>&nbsp;&nbsp;&nbsp;CRCLib_CRC32
</UL>
<BR>[Called By]<UL><LI><a href="#[339]">&gt;&gt;</a>&nbsp;&nbsp;&nbsp;USART_CRCTask_Write
<LI><a href="#[320]">&gt;&gt;</a>&nbsp;&nbsp;&nbsp;USART_CRCTask_Read
</UL>

<P><STRONG><a name="[ca]"></a>CRCTask_CRC8</STRONG> (Thumb, 32 bytes, Stack size 24 bytes, crc_task.o(.text.CRCTask_CRC8))
<BR><BR>[Stack]<UL><LI>Max Depth = 72<LI>Call Chain = CRCTask_CRC8 &rArr; CRCLib_CRC8 &rArr; CRC_CRC8_Table
</UL>
<BR>[Calls]<UL><LI><a href="#[c0]">&gt;&gt;</a>&nbsp;&nbsp;&nbsp;CRCLib_CRC8
</UL>
<BR>[Called By]<UL><LI><a href="#[339]">&gt;&gt;</a>&nbsp;&nbsp;&nbsp;USART_CRCTask_Write
<LI><a href="#[320]">&gt;&gt;</a>&nbsp;&nbsp;&nbsp;USART_CRCTask_Read
</UL>

<P><STRONG><a name="[cb]"></a>CRCTask_CheckSum</STRONG> (Thumb, 20 bytes, Stack size 16 bytes, crc_task.o(.text.CRCTask_CheckSum))
<BR><BR>[Stack]<UL><LI>Max Depth = 48<LI>Call Chain = CRCTask_CheckSum &rArr; CRCLib_CheckSum &rArr; CRC_CheckSum
</UL>
<BR>[Calls]<UL><LI><a href="#[c2]">&gt;&gt;</a>&nbsp;&nbsp;&nbsp;CRCLib_CheckSum
</UL>
<BR>[Called By]<UL><LI><a href="#[339]">&gt;&gt;</a>&nbsp;&nbsp;&nbsp;USART_CRCTask_Write
<LI><a href="#[320]">&gt;&gt;</a>&nbsp;&nbsp;&nbsp;USART_CRCTask_Read
</UL>

<P><STRONG><a name="[cc]"></a>CRCTask_Enable</STRONG> (Thumb, 8 bytes, Stack size 8 bytes, crc_task.o(.text.CRCTask_Enable))
<BR><BR>[Stack]<UL><LI>Max Depth = 16<LI>Call Chain = CRCTask_Enable &rArr; CRCLib_Enable
</UL>
<BR>[Calls]<UL><LI><a href="#[c4]">&gt;&gt;</a>&nbsp;&nbsp;&nbsp;CRCLib_Enable
</UL>
<BR>[Called By]<UL><LI><a href="#[32f]">&gt;&gt;</a>&nbsp;&nbsp;&nbsp;USARTLib_Init
<LI><a href="#[339]">&gt;&gt;</a>&nbsp;&nbsp;&nbsp;USART_CRCTask_Write
<LI><a href="#[320]">&gt;&gt;</a>&nbsp;&nbsp;&nbsp;USART_CRCTask_Read
</UL>

<P><STRONG><a name="[cd]"></a>CRCTask_Init</STRONG> (Thumb, 8 bytes, Stack size 8 bytes, crc_task.o(.text.CRCTask_Init))
<BR><BR>[Stack]<UL><LI>Max Depth = 60<LI>Call Chain = CRCTask_Init &rArr; CRCLib_Init &rArr; CRC_Init &rArr; CRC_DeInit &rArr; LL_CRC_DeInit &rArr; LL_AHB1_GRP1_ReleaseReset
</UL>
<BR>[Calls]<UL><LI><a href="#[c6]">&gt;&gt;</a>&nbsp;&nbsp;&nbsp;CRCLib_Init
</UL>
<BR>[Called By]<UL><LI><a href="#[2d4]">&gt;&gt;</a>&nbsp;&nbsp;&nbsp;Sys_Init
</UL>

<P><STRONG><a name="[bd]"></a>CRC_CRC16_Table</STRONG> (Thumb, 88 bytes, Stack size 16 bytes, crc_cfg.o(.text.CRC_CRC16_Table))
<BR><BR>[Stack]<UL><LI>Max Depth = 16<LI>Call Chain = CRC_CRC16_Table
</UL>
<BR>[Called By]<UL><LI><a href="#[bc]">&gt;&gt;</a>&nbsp;&nbsp;&nbsp;CRCLib_CRC16
</UL>

<P><STRONG><a name="[bf]"></a>CRC_CRC32_CRC</STRONG> (Thumb, 20 bytes, Stack size 16 bytes, crc_cfg.o(.text.CRC_CRC32_CRC))
<BR><BR>[Stack]<UL><LI>Max Depth = 60<LI>Call Chain = CRC_CRC32_CRC &rArr; CRC_CRC32_HWCRC &rArr; CRC_CRC32_HWReSet &rArr; LL_CRC_ResetCRCCalculationUnit
</UL>
<BR>[Calls]<UL><LI><a href="#[ce]">&gt;&gt;</a>&nbsp;&nbsp;&nbsp;CRC_CRC32_HWCRC
</UL>
<BR>[Called By]<UL><LI><a href="#[be]">&gt;&gt;</a>&nbsp;&nbsp;&nbsp;CRCLib_CRC32
</UL>

<P><STRONG><a name="[ce]"></a>CRC_CRC32_HWCRC</STRONG> (Thumb, 84 bytes, Stack size 32 bytes, crc_cfg.o(.text.CRC_CRC32_HWCRC))
<BR><BR>[Stack]<UL><LI>Max Depth = 44<LI>Call Chain = CRC_CRC32_HWCRC &rArr; CRC_CRC32_HWReSet &rArr; LL_CRC_ResetCRCCalculationUnit
</UL>
<BR>[Calls]<UL><LI><a href="#[cf]">&gt;&gt;</a>&nbsp;&nbsp;&nbsp;CRC_CRC32_HWReSet
<LI><a href="#[d1]">&gt;&gt;</a>&nbsp;&nbsp;&nbsp;LL_CRC_ReadData32
<LI><a href="#[d0]">&gt;&gt;</a>&nbsp;&nbsp;&nbsp;LL_CRC_FeedData32
</UL>
<BR>[Called By]<UL><LI><a href="#[bf]">&gt;&gt;</a>&nbsp;&nbsp;&nbsp;CRC_CRC32_CRC
</UL>

<P><STRONG><a name="[cf]"></a>CRC_CRC32_HWReSet</STRONG> (Thumb, 16 bytes, Stack size 8 bytes, crc_cfg.o(.text.CRC_CRC32_HWReSet))
<BR><BR>[Stack]<UL><LI>Max Depth = 12<LI>Call Chain = CRC_CRC32_HWReSet &rArr; LL_CRC_ResetCRCCalculationUnit
</UL>
<BR>[Calls]<UL><LI><a href="#[d2]">&gt;&gt;</a>&nbsp;&nbsp;&nbsp;LL_CRC_ResetCRCCalculationUnit
</UL>
<BR>[Called By]<UL><LI><a href="#[ce]">&gt;&gt;</a>&nbsp;&nbsp;&nbsp;CRC_CRC32_HWCRC
</UL>

<P><STRONG><a name="[c1]"></a>CRC_CRC8_Table</STRONG> (Thumb, 130 bytes, Stack size 24 bytes, crc_cfg.o(.text.CRC_CRC8_Table))
<BR><BR>[Stack]<UL><LI>Max Depth = 24<LI>Call Chain = CRC_CRC8_Table
</UL>
<BR>[Called By]<UL><LI><a href="#[c0]">&gt;&gt;</a>&nbsp;&nbsp;&nbsp;CRCLib_CRC8
</UL>

<P><STRONG><a name="[c3]"></a>CRC_CheckSum</STRONG> (Thumb, 74 bytes, Stack size 16 bytes, crc_cfg.o(.text.CRC_CheckSum))
<BR><BR>[Stack]<UL><LI>Max Depth = 16<LI>Call Chain = CRC_CheckSum
</UL>
<BR>[Called By]<UL><LI><a href="#[c2]">&gt;&gt;</a>&nbsp;&nbsp;&nbsp;CRCLib_CheckSum
</UL>

<P><STRONG><a name="[d3]"></a>CRC_DeInit</STRONG> (Thumb, 28 bytes, Stack size 8 bytes, crc_cfg.o(.text.CRC_DeInit))
<BR><BR>[Stack]<UL><LI>Max Depth = 36<LI>Call Chain = CRC_DeInit &rArr; LL_CRC_DeInit &rArr; LL_AHB1_GRP1_ReleaseReset
</UL>
<BR>[Calls]<UL><LI><a href="#[d4]">&gt;&gt;</a>&nbsp;&nbsp;&nbsp;LL_CRC_DeInit
</UL>
<BR>[Called By]<UL><LI><a href="#[c7]">&gt;&gt;</a>&nbsp;&nbsp;&nbsp;CRC_Init
</UL>

<P><STRONG><a name="[c5]"></a>CRC_Enable</STRONG> (Thumb, 12 bytes, Stack size 0 bytes, crc_cfg.o(.text.CRC_Enable))
<BR><BR>[Called By]<UL><LI><a href="#[c4]">&gt;&gt;</a>&nbsp;&nbsp;&nbsp;CRCLib_Enable
</UL>

<P><STRONG><a name="[c7]"></a>CRC_Init</STRONG> (Thumb, 28 bytes, Stack size 8 bytes, crc_cfg.o(.text.CRC_Init))
<BR><BR>[Stack]<UL><LI>Max Depth = 44<LI>Call Chain = CRC_Init &rArr; CRC_DeInit &rArr; LL_CRC_DeInit &rArr; LL_AHB1_GRP1_ReleaseReset
</UL>
<BR>[Calls]<UL><LI><a href="#[d3]">&gt;&gt;</a>&nbsp;&nbsp;&nbsp;CRC_DeInit
<LI><a href="#[d5]">&gt;&gt;</a>&nbsp;&nbsp;&nbsp;LL_AHB1_GRP1_EnableClock
</UL>
<BR>[Called By]<UL><LI><a href="#[c6]">&gt;&gt;</a>&nbsp;&nbsp;&nbsp;CRCLib_Init
</UL>

<P><STRONG><a name="[ba]"></a>CalcAvgWordFromIndex</STRONG> (Thumb, 172 bytes, Stack size 40 bytes, complier_lib.o(.text.CalcAvgWordFromIndex))
<BR><BR>[Stack]<UL><LI>Max Depth = 128<LI>Call Chain = CalcAvgWordFromIndex &rArr; __aeabi_dadd &rArr; _double_epilogue &rArr; _double_round
</UL>
<BR>[Calls]<UL><LI><a href="#[7f]">&gt;&gt;</a>&nbsp;&nbsp;&nbsp;__aeabi_i2d
<LI><a href="#[7e]">&gt;&gt;</a>&nbsp;&nbsp;&nbsp;__aeabi_ddiv
<LI><a href="#[77]">&gt;&gt;</a>&nbsp;&nbsp;&nbsp;__aeabi_dadd
<LI><a href="#[80]">&gt;&gt;</a>&nbsp;&nbsp;&nbsp;__aeabi_d2iz
</UL>
<BR>[Called By]<UL><LI><a href="#[8c]">&gt;&gt;</a>&nbsp;&nbsp;&nbsp;ADC_HandleChannelVal
</UL>

<P><STRONG><a name="[184]"></a>CompareByte</STRONG> (Thumb, 94 bytes, Stack size 16 bytes, complier_lib.o(.text.CompareByte))
<BR><BR>[Stack]<UL><LI>Max Depth = 16<LI>Call Chain = CompareByte
</UL>
<BR>[Called By]<UL><LI><a href="#[134]">&gt;&gt;</a>&nbsp;&nbsp;&nbsp;ISP_CheckChipFlashEmpty
<LI><a href="#[131]">&gt;&gt;</a>&nbsp;&nbsp;&nbsp;ISP_CheckChipEepromEmpty
<LI><a href="#[1ac]">&gt;&gt;</a>&nbsp;&nbsp;&nbsp;JTAG_CheckChipFlashEmpty
<LI><a href="#[1a9]">&gt;&gt;</a>&nbsp;&nbsp;&nbsp;JTAG_CheckChipEepromEmpty
</UL>

<P><STRONG><a name="[d6]"></a>DACLib_ChannelMV</STRONG> (Thumb, 28 bytes, Stack size 24 bytes, dac_lib.o(.text.DACLib_ChannelMV))
<BR><BR>[Stack]<UL><LI>Max Depth = 88<LI>Call Chain = DACLib_ChannelMV &rArr; DAC_ChannelMV &rArr; DAC_ChannelUV &rArr; LL_DAC_ConvertData12RightAligned
</UL>
<BR>[Calls]<UL><LI><a href="#[d7]">&gt;&gt;</a>&nbsp;&nbsp;&nbsp;DAC_ChannelMV
</UL>
<BR>[Called By]<UL><LI><a href="#[da]">&gt;&gt;</a>&nbsp;&nbsp;&nbsp;DACTask_ChannelMV
</UL>

<P><STRONG><a name="[d8]"></a>DACLib_Init</STRONG> (Thumb, 36 bytes, Stack size 24 bytes, dac_lib.o(.text.DACLib_Init))
<BR><BR>[Stack]<UL><LI>Max Depth = 184<LI>Call Chain = DACLib_Init &rArr; DAC_Init &rArr; DAC_GPIO_Init &rArr; GPIOTask_Clock &rArr; GPIOLib_Clock &rArr; GPIO_Clock &rArr; LL_AHB1_GRP1_EnableClock
</UL>
<BR>[Calls]<UL><LI><a href="#[d9]">&gt;&gt;</a>&nbsp;&nbsp;&nbsp;DAC_Init
</UL>
<BR>[Called By]<UL><LI><a href="#[db]">&gt;&gt;</a>&nbsp;&nbsp;&nbsp;DACTask_Init
</UL>

<P><STRONG><a name="[da]"></a>DACTask_ChannelMV</STRONG> (Thumb, 28 bytes, Stack size 24 bytes, dac_task.o(.text.DACTask_ChannelMV))
<BR><BR>[Stack]<UL><LI>Max Depth = 112<LI>Call Chain = DACTask_ChannelMV &rArr; DACLib_ChannelMV &rArr; DAC_ChannelMV &rArr; DAC_ChannelUV &rArr; LL_DAC_ConvertData12RightAligned
</UL>
<BR>[Calls]<UL><LI><a href="#[d6]">&gt;&gt;</a>&nbsp;&nbsp;&nbsp;DACLib_ChannelMV
</UL>
<BR>[Called By]<UL><LI><a href="#[270]">&gt;&gt;</a>&nbsp;&nbsp;&nbsp;LM317_PowerMV
</UL>

<P><STRONG><a name="[db]"></a>DACTask_Init</STRONG> (Thumb, 36 bytes, Stack size 24 bytes, dac_task.o(.text.DACTask_Init))
<BR><BR>[Stack]<UL><LI>Max Depth = 208<LI>Call Chain = DACTask_Init &rArr; DACLib_Init &rArr; DAC_Init &rArr; DAC_GPIO_Init &rArr; GPIOTask_Clock &rArr; GPIOLib_Clock &rArr; GPIO_Clock &rArr; LL_AHB1_GRP1_EnableClock
</UL>
<BR>[Calls]<UL><LI><a href="#[d8]">&gt;&gt;</a>&nbsp;&nbsp;&nbsp;DACLib_Init
</UL>
<BR>[Called By]<UL><LI><a href="#[2d4]">&gt;&gt;</a>&nbsp;&nbsp;&nbsp;Sys_Init
</UL>

<P><STRONG><a name="[d7]"></a>DAC_ChannelMV</STRONG> (Thumb, 34 bytes, Stack size 24 bytes, dac_cfg.o(.text.DAC_ChannelMV))
<BR><BR>[Stack]<UL><LI>Max Depth = 64<LI>Call Chain = DAC_ChannelMV &rArr; DAC_ChannelUV &rArr; LL_DAC_ConvertData12RightAligned
</UL>
<BR>[Calls]<UL><LI><a href="#[dc]">&gt;&gt;</a>&nbsp;&nbsp;&nbsp;DAC_ChannelUV
</UL>
<BR>[Called By]<UL><LI><a href="#[d6]">&gt;&gt;</a>&nbsp;&nbsp;&nbsp;DACLib_ChannelMV
</UL>

<P><STRONG><a name="[dc]"></a>DAC_ChannelUV</STRONG> (Thumb, 210 bytes, Stack size 24 bytes, dac_cfg.o(.text.DAC_ChannelUV))
<BR><BR>[Stack]<UL><LI>Max Depth = 40<LI>Call Chain = DAC_ChannelUV &rArr; LL_DAC_ConvertData12RightAligned
</UL>
<BR>[Calls]<UL><LI><a href="#[dd]">&gt;&gt;</a>&nbsp;&nbsp;&nbsp;LL_DAC_ConvertData12RightAligned
</UL>
<BR>[Called By]<UL><LI><a href="#[d7]">&gt;&gt;</a>&nbsp;&nbsp;&nbsp;DAC_ChannelMV
</UL>

<P><STRONG><a name="[de]"></a>DAC_Channel_Init</STRONG> (Thumb, 138 bytes, Stack size 48 bytes, dac_cfg.o(.text.DAC_Channel_Init))
<BR><BR>[Stack]<UL><LI>Max Depth = 80<LI>Call Chain = DAC_Channel_Init &rArr; LL_DAC_Init &rArr; LL_DAC_IsEnabled
</UL>
<BR>[Calls]<UL><LI><a href="#[df]">&gt;&gt;</a>&nbsp;&nbsp;&nbsp;LL_DAC_Init
<LI><a href="#[e0]">&gt;&gt;</a>&nbsp;&nbsp;&nbsp;LL_DAC_Enable
<LI><a href="#[dd]">&gt;&gt;</a>&nbsp;&nbsp;&nbsp;LL_DAC_ConvertData12RightAligned
</UL>
<BR>[Called By]<UL><LI><a href="#[d9]">&gt;&gt;</a>&nbsp;&nbsp;&nbsp;DAC_Init
</UL>

<P><STRONG><a name="[e1]"></a>DAC_Clock</STRONG> (Thumb, 46 bytes, Stack size 16 bytes, dac_cfg.o(.text.DAC_Clock))
<BR><BR>[Stack]<UL><LI>Max Depth = 24<LI>Call Chain = DAC_Clock &rArr; LL_APB1_GRP1_EnableClock
</UL>
<BR>[Calls]<UL><LI><a href="#[e2]">&gt;&gt;</a>&nbsp;&nbsp;&nbsp;LL_APB1_GRP1_EnableClock
<LI><a href="#[e3]">&gt;&gt;</a>&nbsp;&nbsp;&nbsp;LL_APB1_GRP1_DisableClock
</UL>
<BR>[Called By]<UL><LI><a href="#[d9]">&gt;&gt;</a>&nbsp;&nbsp;&nbsp;DAC_Init
</UL>

<P><STRONG><a name="[e4]"></a>DAC_GPIO_Init</STRONG> (Thumb, 110 bytes, Stack size 48 bytes, dac_cfg.o(.text.DAC_GPIO_Init))
<BR><BR>[Stack]<UL><LI>Max Depth = 128<LI>Call Chain = DAC_GPIO_Init &rArr; GPIOTask_Clock &rArr; GPIOLib_Clock &rArr; GPIO_Clock &rArr; LL_AHB1_GRP1_EnableClock
</UL>
<BR>[Calls]<UL><LI><a href="#[b8]">&gt;&gt;</a>&nbsp;&nbsp;&nbsp;LL_GPIO_Init
<LI><a href="#[b7]">&gt;&gt;</a>&nbsp;&nbsp;&nbsp;GPIOTask_Clock
</UL>
<BR>[Called By]<UL><LI><a href="#[d9]">&gt;&gt;</a>&nbsp;&nbsp;&nbsp;DAC_Init
</UL>

<P><STRONG><a name="[d9]"></a>DAC_Init</STRONG> (Thumb, 94 bytes, Stack size 32 bytes, dac_cfg.o(.text.DAC_Init))
<BR><BR>[Stack]<UL><LI>Max Depth = 160<LI>Call Chain = DAC_Init &rArr; DAC_GPIO_Init &rArr; GPIOTask_Clock &rArr; GPIOLib_Clock &rArr; GPIO_Clock &rArr; LL_AHB1_GRP1_EnableClock
</UL>
<BR>[Calls]<UL><LI><a href="#[e4]">&gt;&gt;</a>&nbsp;&nbsp;&nbsp;DAC_GPIO_Init
<LI><a href="#[e1]">&gt;&gt;</a>&nbsp;&nbsp;&nbsp;DAC_Clock
<LI><a href="#[de]">&gt;&gt;</a>&nbsp;&nbsp;&nbsp;DAC_Channel_Init
</UL>
<BR>[Called By]<UL><LI><a href="#[d8]">&gt;&gt;</a>&nbsp;&nbsp;&nbsp;DACLib_Init
</UL>

<P><STRONG><a name="[42]"></a>DMA2_Stream0_IRQHandler</STRONG> (Thumb, 90 bytes, Stack size 24 bytes, stm32f4xx_it.o(.text.DMA2_Stream0_IRQHandler))
<BR><BR>[Stack]<UL><LI>Max Depth = 312<LI>Call Chain = DMA2_Stream0_IRQHandler &rArr; ADCTask_HandleChannelVal &rArr; ADCLib_HandleChannelVal &rArr; ADC_HandleChannelVal &rArr; CalcAvgWordFromIndex &rArr; __aeabi_dadd &rArr; _double_epilogue &rArr; _double_round
</UL>
<BR>[Calls]<UL><LI><a href="#[91]">&gt;&gt;</a>&nbsp;&nbsp;&nbsp;ADCTask_HandleChannelVal
<LI><a href="#[8e]">&gt;&gt;</a>&nbsp;&nbsp;&nbsp;ADCTask_ADCTask_STOP
<LI><a href="#[8d]">&gt;&gt;</a>&nbsp;&nbsp;&nbsp;ADCTask_ADCTask_START
<LI><a href="#[e6]">&gt;&gt;</a>&nbsp;&nbsp;&nbsp;LL_DMA_IsEnabledIT_TC
<LI><a href="#[e5]">&gt;&gt;</a>&nbsp;&nbsp;&nbsp;LL_DMA_IsActiveFlag_TC0
</UL>
<BR>[Address Reference Count : 1]<UL><LI> startup_stm32f407xx.o(RESET)
</UL>
<P><STRONG><a name="[43]"></a>DMA2_Stream1_IRQHandler</STRONG> (Thumb, 2 bytes, Stack size 0 bytes, stm32f4xx_it.o(.text.DMA2_Stream1_IRQHandler))
<BR>[Address Reference Count : 1]<UL><LI> startup_stm32f407xx.o(RESET)
</UL>
<P><STRONG><a name="[44]"></a>DMA2_Stream2_IRQHandler</STRONG> (Thumb, 58 bytes, Stack size 8 bytes, stm32f4xx_it.o(.text.DMA2_Stream2_IRQHandler))
<BR><BR>[Stack]<UL><LI>Max Depth = 176<LI>Call Chain = DMA2_Stream2_IRQHandler &rArr; USARTTask_Read_DMA_IRQTask &rArr; USARTLib_Read_DMA_IRQTask &rArr; USART_Read_DMA_IRQTask &rArr; USART_DMA_IDLETask &rArr; USART_Read_Init &rArr; USART_485GPIOInit &rArr; GPIO_SetOutputPin &rArr; LL_GPIO_SetOutputPins &rArr; LL_GPIO_SetOutputPin
</UL>
<BR>[Calls]<UL><LI><a href="#[e8]">&gt;&gt;</a>&nbsp;&nbsp;&nbsp;USARTTask_Read_DMA_IRQTask
<LI><a href="#[e6]">&gt;&gt;</a>&nbsp;&nbsp;&nbsp;LL_DMA_IsEnabledIT_TC
<LI><a href="#[e7]">&gt;&gt;</a>&nbsp;&nbsp;&nbsp;LL_DMA_IsActiveFlag_TC2
</UL>
<BR>[Address Reference Count : 1]<UL><LI> startup_stm32f407xx.o(RESET)
</UL>
<P><STRONG><a name="[50]"></a>DMA2_Stream7_IRQHandler</STRONG> (Thumb, 58 bytes, Stack size 8 bytes, stm32f4xx_it.o(.text.DMA2_Stream7_IRQHandler))
<BR><BR>[Stack]<UL><LI>Max Depth = 84<LI>Call Chain = DMA2_Stream7_IRQHandler &rArr; USARTTask_Write_DMA_IRQTask &rArr; USARTLib_Write_DMA_IRQTask &rArr; USART_Write_DMA_IRQTask &rArr; LL_DMA_ClearFlag &rArr; LL_DMA_ClearFlag_TE7
</UL>
<BR>[Calls]<UL><LI><a href="#[ea]">&gt;&gt;</a>&nbsp;&nbsp;&nbsp;USARTTask_Write_DMA_IRQTask
<LI><a href="#[e6]">&gt;&gt;</a>&nbsp;&nbsp;&nbsp;LL_DMA_IsEnabledIT_TC
<LI><a href="#[e9]">&gt;&gt;</a>&nbsp;&nbsp;&nbsp;LL_DMA_IsActiveFlag_TC7
</UL>
<BR>[Address Reference Count : 1]<UL><LI> startup_stm32f407xx.o(RESET)
</UL>
<P><STRONG><a name="[7]"></a>DebugMon_Handler</STRONG> (Thumb, 2 bytes, Stack size 0 bytes, stm32f4xx_it.o(.text.DebugMon_Handler))
<BR>[Address Reference Count : 1]<UL><LI> startup_stm32f407xx.o(RESET)
</UL>
<P><STRONG><a name="[eb]"></a>DelayLib_ms</STRONG> (Thumb, 16 bytes, Stack size 16 bytes, delay_lib.o(.text.DelayLib_ms))
<BR><BR>[Stack]<UL><LI>Max Depth = 128<LI>Call Chain = DelayLib_ms &rArr; Delay_ms &rArr; DelayN_ms &rArr; DelayN_us &rArr;  Delay_ms (Cycle)
</UL>
<BR>[Calls]<UL><LI><a href="#[ec]">&gt;&gt;</a>&nbsp;&nbsp;&nbsp;Delay_ms
</UL>
<BR>[Called By]<UL><LI><a href="#[5f]">&gt;&gt;</a>&nbsp;&nbsp;&nbsp;DelayTask_ms
</UL>

<P><STRONG><a name="[ed]"></a>DelayNLib_us</STRONG> (Thumb, 16 bytes, Stack size 16 bytes, delay_lib.o(.text.DelayNLib_us))
<BR><BR>[Stack]<UL><LI>Max Depth = 96<LI>Call Chain = DelayNLib_us &rArr; DelayN_us &rArr;  Delay_ms (Cycle)
</UL>
<BR>[Calls]<UL><LI><a href="#[ee]">&gt;&gt;</a>&nbsp;&nbsp;&nbsp;DelayN_us
</UL>
<BR>[Called By]<UL><LI><a href="#[5e]">&gt;&gt;</a>&nbsp;&nbsp;&nbsp;DelayTask_us
</UL>

<P><STRONG><a name="[ef]"></a>DelayN_ms</STRONG> (Thumb, 48 bytes, Stack size 16 bytes, delay_cfg.o(.text.DelayN_ms))
<BR><BR>[Stack]<UL><LI>Max Depth = 96<LI>Call Chain = DelayN_ms &rArr; DelayN_us &rArr;  Delay_ms (Cycle)
</UL>
<BR>[Calls]<UL><LI><a href="#[f0]">&gt;&gt;</a>&nbsp;&nbsp;&nbsp;IWDGTask_Reset
<LI><a href="#[ee]">&gt;&gt;</a>&nbsp;&nbsp;&nbsp;DelayN_us
</UL>
<BR>[Called By]<UL><LI><a href="#[ec]">&gt;&gt;</a>&nbsp;&nbsp;&nbsp;Delay_ms
</UL>

<P><STRONG><a name="[ee]"></a>DelayN_us</STRONG> (Thumb, 70 bytes, Stack size 24 bytes, delay_cfg.o(.text.DelayN_us))
<BR><BR>[Stack]<UL><LI>Max Depth = 80 + In Cycle
<LI>Call Chain = DelayN_us &rArr;  Delay_ms (Cycle)
</UL>
<BR>[Calls]<UL><LI><a href="#[f1]">&gt;&gt;</a>&nbsp;&nbsp;&nbsp;SysTickTask_WaitusTick
<LI><a href="#[ec]">&gt;&gt;</a>&nbsp;&nbsp;&nbsp;Delay_ms
</UL>
<BR>[Called By]<UL><LI><a href="#[ed]">&gt;&gt;</a>&nbsp;&nbsp;&nbsp;DelayNLib_us
<LI><a href="#[ef]">&gt;&gt;</a>&nbsp;&nbsp;&nbsp;DelayN_ms
</UL>

<P><STRONG><a name="[5f]"></a>DelayTask_ms</STRONG> (Thumb, 16 bytes, Stack size 16 bytes, delay_task.o(.text.DelayTask_ms))
<BR><BR>[Stack]<UL><LI>Max Depth = 144<LI>Call Chain = DelayTask_ms &rArr; DelayLib_ms &rArr; Delay_ms &rArr; DelayN_ms &rArr; DelayN_us &rArr;  Delay_ms (Cycle)
</UL>
<BR>[Calls]<UL><LI><a href="#[eb]">&gt;&gt;</a>&nbsp;&nbsp;&nbsp;DelayLib_ms
</UL>
<BR>[Called By]<UL><LI><a href="#[2d4]">&gt;&gt;</a>&nbsp;&nbsp;&nbsp;Sys_Init
<LI><a href="#[177]">&gt;&gt;</a>&nbsp;&nbsp;&nbsp;ISPTask_WriteChipPower
<LI><a href="#[26f]">&gt;&gt;</a>&nbsp;&nbsp;&nbsp;LM317_Init
<LI><a href="#[1e7]">&gt;&gt;</a>&nbsp;&nbsp;&nbsp;JTAGTask_WriteChipPower
<LI><a href="#[114]">&gt;&gt;</a>&nbsp;&nbsp;&nbsp;HVPP_ProgModeEnter
</UL>
<BR>[Address Reference Count : 3]<UL><LI> main.o(.text.Sys_Init)
<LI> isp_cfg.o(.text.ISP_Init)
<LI> hvpp_cfg.o(.text.HVPP_Init)
</UL>
<P><STRONG><a name="[5e]"></a>DelayTask_us</STRONG> (Thumb, 16 bytes, Stack size 16 bytes, delay_task.o(.text.DelayTask_us))
<BR><BR>[Stack]<UL><LI>Max Depth = 112<LI>Call Chain = DelayTask_us &rArr; DelayNLib_us &rArr; DelayN_us &rArr;  Delay_ms (Cycle)
</UL>
<BR>[Calls]<UL><LI><a href="#[ed]">&gt;&gt;</a>&nbsp;&nbsp;&nbsp;DelayNLib_us
</UL>
<BR>[Address Reference Count : 4]<UL><LI> i2c_cfg.o(.text.I2C_MSW_Init)
<LI> main.o(.text.Sys_Init)
<LI> isp_cfg.o(.text.ISP_Init)
<LI> hvpp_cfg.o(.text.HVPP_Init)
</UL>
<P><STRONG><a name="[ec]"></a>Delay_ms</STRONG> (Thumb, 46 bytes, Stack size 16 bytes, delay_cfg.o(.text.Delay_ms))
<BR><BR>[Stack]<UL><LI>Max Depth = 112<LI>Call Chain = Delay_ms &rArr; DelayN_ms &rArr; DelayN_us &rArr;  Delay_ms (Cycle)
</UL>
<BR>[Calls]<UL><LI><a href="#[f3]">&gt;&gt;</a>&nbsp;&nbsp;&nbsp;SysTickTask_DecTick
<LI><a href="#[f2]">&gt;&gt;</a>&nbsp;&nbsp;&nbsp;SysTickTask_1msIncTick
<LI><a href="#[ef]">&gt;&gt;</a>&nbsp;&nbsp;&nbsp;DelayN_ms
</UL>
<BR>[Called By]<UL><LI><a href="#[eb]">&gt;&gt;</a>&nbsp;&nbsp;&nbsp;DelayLib_ms
<LI><a href="#[ee]">&gt;&gt;</a>&nbsp;&nbsp;&nbsp;DelayN_us
</UL>

<P><STRONG><a name="[f4]"></a>Delay_nop</STRONG> (Thumb, 46 bytes, Stack size 16 bytes, delay_cfg.o(.text.Delay_nop))
<BR><BR>[Stack]<UL><LI>Max Depth = 16<LI>Call Chain = Delay_nop
</UL>
<BR>[Calls]<UL><LI><a href="#[f6]">&gt;&gt;</a>&nbsp;&nbsp;&nbsp;_irq_enable
<LI><a href="#[f5]">&gt;&gt;</a>&nbsp;&nbsp;&nbsp;_irq_disable
</UL>
<BR>[Called By]<UL><LI><a href="#[119]">&gt;&gt;</a>&nbsp;&nbsp;&nbsp;HVPP_ReadChipID
<LI><a href="#[111]">&gt;&gt;</a>&nbsp;&nbsp;&nbsp;HVPP_DATABUS_WRITE
<LI><a href="#[12d]">&gt;&gt;</a>&nbsp;&nbsp;&nbsp;I2C_MSW_SendBit
[...]
<BR><BR>[Stack]<UL><LI>Max Depth = 8<LI>Call Chain = LL_DMA_DisableStream
</UL>
<BR>[Called By]<UL><LI><a href="#[338]">&gt;&gt;</a>&nbsp;&nbsp;&nbsp;USART_Write_DMA_IRQTask
<LI><a href="#[343]">&gt;&gt;</a>&nbsp;&nbsp;&nbsp;USART_Read_DMA_STOP
</UL>

<P><STRONG><a name="[31d]"></a>LL_DMA_EnableIT_TC</STRONG> (Thumb, 32 bytes, Stack size 8 bytes, usart_cfg.o(.text.LL_DMA_EnableIT_TC))
<BR><BR>[Stack]<UL><LI>Max Depth = 8<LI>Call Chain = LL_DMA_EnableIT_TC
</UL>
<BR>[Called By]<UL><LI><a href="#[314]">&gt;&gt;</a>&nbsp;&nbsp;&nbsp;USART1_Write_DMA_Init
<LI><a href="#[313]">&gt;&gt;</a>&nbsp;&nbsp;&nbsp;USART1_Read_DMA_Init
</UL>

<P><STRONG><a name="[31b]"></a>LL_DMA_EnableStream</STRONG> (Thumb, 32 bytes, Stack size 8 bytes, usart_cfg.o(.text.LL_DMA_EnableStream))
<BR><BR>[Stack]<UL><LI>Max Depth = 8<LI>Call Chain = LL_DMA_EnableStream
</UL>
<BR>[Called By]<UL><LI><a href="#[346]">&gt;&gt;</a>&nbsp;&nbsp;&nbsp;USART_Write_DMA_RESTART
<LI><a href="#[377]">&gt;&gt;</a>&nbsp;&nbsp;&nbsp;USART_Read_DMA_RESTART
<LI><a href="#[313]">&gt;&gt;</a>&nbsp;&nbsp;&nbsp;USART1_Read_DMA_Init
</UL>

<P><STRONG><a name="[37a]"></a>LL_DMA_GetDataLength</STRONG> (Thumb, 30 bytes, Stack size 8 bytes, usart_cfg.o(.text.LL_DMA_GetDataLength))
<BR><BR>[Stack]<UL><LI>Max Depth = 8<LI>Call Chain = LL_DMA_GetDataLength
</UL>
<BR>[Called By]<UL><LI><a href="#[343]">&gt;&gt;</a>&nbsp;&nbsp;&nbsp;USART_Read_DMA_STOP
</UL>

<P><STRONG><a name="[378]"></a>LL_DMA_SetDataLength</STRONG> (Thumb, 50 bytes, Stack size 12 bytes, usart_cfg.o(.text.LL_DMA_SetDataLength))
<BR><BR>[Stack]<UL><LI>Max Depth = 12<LI>Call Chain = LL_DMA_SetDataLength
</UL>
<BR>[Called By]<UL><LI><a href="#[346]">&gt;&gt;</a>&nbsp;&nbsp;&nbsp;USART_Write_DMA_RESTART
<LI><a href="#[377]">&gt;&gt;</a>&nbsp;&nbsp;&nbsp;USART_Read_DMA_RESTART
</UL>

<P><STRONG><a name="[37d]"></a>LL_DMA_SetMemoryAddress</STRONG> (Thumb, 32 bytes, Stack size 12 bytes, usart_cfg.o(.text.LL_DMA_SetMemoryAddress))
<BR><BR>[Stack]<UL><LI>Max Depth = 12<LI>Call Chain = LL_DMA_SetMemoryAddress
</UL>
<BR>[Called By]<UL><LI><a href="#[345]">&gt;&gt;</a>&nbsp;&nbsp;&nbsp;USART_Write_DMA_SetMemoryAddress
</UL>

<P><STRONG><a name="[37b]"></a>LL_GPIO_SetPinMode</STRONG> (Thumb, 46 bytes, Stack size 12 bytes, usart_cfg.o(.text.LL_GPIO_SetPinMode))
<BR><BR>[Stack]<UL><LI>Max Depth = 12<LI>Call Chain = LL_GPIO_SetPinMode
</UL>
<BR>[Called By]<UL><LI><a href="#[30e]">&gt;&gt;</a>&nbsp;&nbsp;&nbsp;USART_TXGPIOInit
</UL>

<P><STRONG><a name="[362]"></a>LL_USART_ClearFlag_FE</STRONG> (Thumb, 24 bytes, Stack size 8 bytes, usart_cfg.o(.text.LL_USART_ClearFlag_FE))
<BR><BR>[Stack]<UL><LI>Max Depth = 8<LI>Call Chain = LL_USART_ClearFlag_FE
</UL>
<BR>[Called By]<UL><LI><a href="#[32e]">&gt;&gt;</a>&nbsp;&nbsp;&nbsp;USART_IRQTask
</UL>

<P><STRONG><a name="[35b]"></a>LL_USART_ClearFlag_IDLE</STRONG> (Thumb, 24 bytes, Stack size 8 bytes, usart_cfg.o(.text.LL_USART_ClearFlag_IDLE))
<BR><BR>[Stack]<UL><LI>Max Depth = 8<LI>Call Chain = LL_USART_ClearFlag_IDLE
</UL>
<BR>[Called By]<UL><LI><a href="#[332]">&gt;&gt;</a>&nbsp;&nbsp;&nbsp;USART_Read_DMA_IRQTask
<LI><a href="#[32e]">&gt;&gt;</a>&nbsp;&nbsp;&nbsp;USART_IRQTask
</UL>

<P><STRONG><a name="[358]"></a>LL_USART_ClearFlag_LBD</STRONG> (Thumb, 16 bytes, Stack size 4 bytes, usart_cfg.o(.text.LL_USART_ClearFlag_LBD))
<BR><BR>[Stack]<UL><LI>Max Depth = 4<LI>Call Chain = LL_USART_ClearFlag_LBD
</UL>
<BR>[Called By]<UL><LI><a href="#[32e]">&gt;&gt;</a>&nbsp;&nbsp;&nbsp;USART_IRQTask
</UL>

<P><STRONG><a name="[360]"></a>LL_USART_ClearFlag_NE</STRONG> (Thumb, 24 bytes, Stack size 8 bytes, usart_cfg.o(.text.LL_USART_ClearFlag_NE))
<BR><BR>[Stack]<UL><LI>Max Depth = 8<LI>Call Chain = LL_USART_ClearFlag_NE
</UL>
<BR>[Called By]<UL><LI><a href="#[32e]">&gt;&gt;</a>&nbsp;&nbsp;&nbsp;USART_IRQTask
</UL>

<P><STRONG><a name="[35e]"></a>LL_USART_ClearFlag_ORE</STRONG> (Thumb, 24 bytes, Stack size 8 bytes, usart_cfg.o(.text.LL_USART_ClearFlag_ORE))
<BR><BR>[Stack]<UL><LI>Max Depth = 8<LI>Call Chain = LL_USART_ClearFlag_ORE
</UL>
<BR>[Called By]<UL><LI><a href="#[32e]">&gt;&gt;</a>&nbsp;&nbsp;&nbsp;USART_IRQTask
</UL>

<P><STRONG><a name="[365]"></a>LL_USART_ClearFlag_PE</STRONG> (Thumb, 24 bytes, Stack size 8 bytes, usart_cfg.o(.text.LL_USART_ClearFlag_PE))
<BR><BR>[Stack]<UL><LI>Max Depth = 8<LI>Call Chain = LL_USART_ClearFlag_PE
</UL>
<BR>[Called By]<UL><LI><a href="#[32e]">&gt;&gt;</a>&nbsp;&nbsp;&nbsp;USART_IRQTask
</UL>

<P><STRONG><a name="[34b]"></a>LL_USART_ClearFlag_RXNE</STRONG> (Thumb, 16 bytes, Stack size 4 bytes, usart_cfg.o(.text.LL_USART_ClearFlag_RXNE))
<BR><BR>[Stack]<UL><LI>Max Depth = 4<LI>Call Chain = LL_USART_ClearFlag_RXNE
</UL>
<BR>[Called By]<UL><LI><a href="#[32e]">&gt;&gt;</a>&nbsp;&nbsp;&nbsp;USART_IRQTask
</UL>

<P><STRONG><a name="[352]"></a>LL_USART_ClearFlag_TC</STRONG> (Thumb, 16 bytes, Stack size 4 bytes, usart_cfg.o(.text.LL_USART_ClearFlag_TC))
<BR><BR>[Stack]<UL><LI>Max Depth = 4<LI>Call Chain = LL_USART_ClearFlag_TC
</UL>
<BR>[Called By]<UL><LI><a href="#[375]">&gt;&gt;</a>&nbsp;&nbsp;&nbsp;USART_PrintfSuspend
<LI><a href="#[32e]">&gt;&gt;</a>&nbsp;&nbsp;&nbsp;USART_IRQTask
</UL>

<P><STRONG><a name="[355]"></a>LL_USART_ClearFlag_nCTS</STRONG> (Thumb, 16 bytes, Stack size 4 bytes, usart_cfg.o(.text.LL_USART_ClearFlag_nCTS))
<BR><BR>[Stack]<UL><LI>Max Depth = 4<LI>Call Chain = LL_USART_ClearFlag_nCTS
</UL>
<BR>[Called By]<UL><LI><a href="#[32e]">&gt;&gt;</a>&nbsp;&nbsp;&nbsp;USART_IRQTask
</UL>

<P><STRONG><a name="[30b]"></a>LL_USART_ConfigAsyncMode</STRONG> (Thumb, 28 bytes, Stack size 4 bytes, usart_cfg.o(.text.LL_USART_ConfigAsyncMode))
<BR><BR>[Stack]<UL><LI>Max Depth = 4<LI>Call Chain = LL_USART_ConfigAsyncMode
</UL>
<BR>[Called By]<UL><LI><a href="#[309]">&gt;&gt;</a>&nbsp;&nbsp;&nbsp;USART1_ConfigInit
</UL>

<P><STRONG><a name="[367]"></a>LL_USART_DisableIT_TC</STRONG> (Thumb, 18 bytes, Stack size 4 bytes, usart_cfg.o(.text.LL_USART_DisableIT_TC))
<BR><BR>[Stack]<UL><LI>Max Depth = 4<LI>Call Chain = LL_USART_DisableIT_TC
</UL>
<BR>[Called By]<UL><LI><a href="#[351]">&gt;&gt;</a>&nbsp;&nbsp;&nbsp;USART_IT_TCTask
<LI><a href="#[36e]">&gt;&gt;</a>&nbsp;&nbsp;&nbsp;USART_ITWrite_TCTask
<LI><a href="#[366]">&gt;&gt;</a>&nbsp;&nbsp;&nbsp;USART_ITPrintf_TCTask
</UL>

<P><STRONG><a name="[370]"></a>LL_USART_DisableIT_TXE</STRONG> (Thumb, 18 bytes, Stack size 4 bytes, usart_cfg.o(.text.LL_USART_DisableIT_TXE))
<BR><BR>[Stack]<UL><LI>Max Depth = 4<LI>Call Chain = LL_USART_DisableIT_TXE
</UL>
<BR>[Called By]<UL><LI><a href="#[34e]">&gt;&gt;</a>&nbsp;&nbsp;&nbsp;USART_ITWrite_TXETask
</UL>

<P><STRONG><a name="[319]"></a>LL_USART_Enable</STRONG> (Thumb, 18 bytes, Stack size 4 bytes, usart_cfg.o(.text.LL_USART_Enable))
<BR><BR>[Stack]<UL><LI>Max Depth = 4<LI>Call Chain = LL_USART_Enable
</UL>
<BR>[Called By]<UL><LI><a href="#[310]">&gt;&gt;</a>&nbsp;&nbsp;&nbsp;USART1_Init
</UL>

<P><STRONG><a name="[31c]"></a>LL_USART_EnableDMAReq_RX</STRONG> (Thumb, 18 bytes, Stack size 4 bytes, usart_cfg.o(.text.LL_USART_EnableDMAReq_RX))
<BR><BR>[Stack]<UL><LI>Max Depth = 4<LI>Call Chain = LL_USART_EnableDMAReq_RX
</UL>
<BR>[Called By]<UL><LI><a href="#[313]">&gt;&gt;</a>&nbsp;&nbsp;&nbsp;USART1_Read_DMA_Init
</UL>

<P><STRONG><a name="[31e]"></a>LL_USART_EnableDMAReq_TX</STRONG> (Thumb, 18 bytes, Stack size 4 bytes, usart_cfg.o(.text.LL_USART_EnableDMAReq_TX))
<BR><BR>[Stack]<UL><LI>Max Depth = 4<LI>Call Chain = LL_USART_EnableDMAReq_TX
</UL>
<BR>[Called By]<UL><LI><a href="#[314]">&gt;&gt;</a>&nbsp;&nbsp;&nbsp;USART1_Write_DMA_Init
</UL>

<P><STRONG><a name="[312]"></a>LL_USART_EnableIT_IDLE</STRONG> (Thumb, 18 bytes, Stack size 4 bytes, usart_cfg.o(.text.LL_USART_EnableIT_IDLE))
<BR><BR>[Stack]<UL><LI>Max Depth = 4<LI>Call Chain = LL_USART_EnableIT_IDLE
</UL>
<BR>[Called By]<UL><LI><a href="#[310]">&gt;&gt;</a>&nbsp;&nbsp;&nbsp;USART1_Init
</UL>

<P><STRONG><a name="[311]"></a>LL_USART_EnableIT_RXNE</STRONG> (Thumb, 18 bytes, Stack size 4 bytes, usart_cfg.o(.text.LL_USART_EnableIT_RXNE))
<BR><BR>[Stack]<UL><LI>Max Depth = 4<LI>Call Chain = LL_USART_EnableIT_RXNE
</UL>
<BR>[Called By]<UL><LI><a href="#[310]">&gt;&gt;</a>&nbsp;&nbsp;&nbsp;USART1_Init
</UL>

<P><STRONG><a name="[371]"></a>LL_USART_EnableIT_TC</STRONG> (Thumb, 18 bytes, Stack size 4 bytes, usart_cfg.o(.text.LL_USART_EnableIT_TC))
<BR><BR>[Stack]<UL><LI>Max Depth = 4<LI>Call Chain = LL_USART_EnableIT_TC
</UL>
<BR>[Called By]<UL><LI><a href="#[2f5]">&gt;&gt;</a>&nbsp;&nbsp;&nbsp;USART_Printf
<LI><a href="#[338]">&gt;&gt;</a>&nbsp;&nbsp;&nbsp;USART_Write_DMA_IRQTask
<LI><a href="#[34e]">&gt;&gt;</a>&nbsp;&nbsp;&nbsp;USART_ITWrite_TXETask
</UL>

<P><STRONG><a name="[344]"></a>LL_USART_EnableIT_TXE</STRONG> (Thumb, 18 bytes, Stack size 4 bytes, usart_cfg.o(.text.LL_USART_EnableIT_TXE))
<BR><BR>[Stack]<UL><LI>Max Depth = 4<LI>Call Chain = LL_USART_EnableIT_TXE
</UL>
<BR>[Called By]<UL><LI><a href="#[32a]">&gt;&gt;</a>&nbsp;&nbsp;&nbsp;USART_FillMode_WriteSTART
</UL>

<P><STRONG><a name="[361]"></a>LL_USART_IsActiveFlag_FE</STRONG> (Thumb, 16 bytes, Stack size 4 bytes, usart_cfg.o(.text.LL_USART_IsActiveFlag_FE))
<BR><BR>[Stack]<UL><LI>Max Depth = 4<LI>Call Chain = LL_USART_IsActiveFlag_FE
</UL>
<BR>[Called By]<UL><LI><a href="#[32e]">&gt;&gt;</a>&nbsp;&nbsp;&nbsp;USART_IRQTask
</UL>

<P><STRONG><a name="[359]"></a>LL_USART_IsActiveFlag_IDLE</STRONG> (Thumb, 16 bytes, Stack size 4 bytes, usart_cfg.o(.text.LL_USART_IsActiveFlag_IDLE))
<BR><BR>[Stack]<UL><LI>Max Depth = 4<LI>Call Chain = LL_USART_IsActiveFlag_IDLE
</UL>
<BR>[Called By]<UL><LI><a href="#[32e]">&gt;&gt;</a>&nbsp;&nbsp;&nbsp;USART_IRQTask
</UL>

<P><STRONG><a name="[356]"></a>LL_USART_IsActiveFlag_LBD</STRONG> (Thumb, 16 bytes, Stack size 4 bytes, usart_cfg.o(.text.LL_USART_IsActiveFlag_LBD))
<BR><BR>[Stack]<UL><LI>Max Depth = 4<LI>Call Chain = LL_USART_IsActiveFlag_LBD
</UL>
<BR>[Called By]<UL><LI><a href="#[32e]">&gt;&gt;</a>&nbsp;&nbsp;&nbsp;USART_IRQTask
</UL>

<P><STRONG><a name="[35f]"></a>LL_USART_IsActiveFlag_NE</STRONG> (Thumb, 16 bytes, Stack size 4 bytes, usart_cfg.o(.text.LL_USART_IsActiveFlag_NE))
<BR><BR>[Stack]<UL><LI>Max Depth = 4<LI>Call Chain = LL_USART_IsActiveFlag_NE
</UL>
<BR>[Called By]<UL><LI><a href="#[32e]">&gt;&gt;</a>&nbsp;&nbsp;&nbsp;USART_IRQTask
</UL>

<P><STRONG><a name="[35c]"></a>LL_USART_IsActiveFlag_ORE</STRONG> (Thumb, 16 bytes, Stack size 4 bytes, usart_cfg.o(.text.LL_USART_IsActiveFlag_ORE))
<BR><BR>[Stack]<UL><LI>Max Depth = 4<LI>Call Chain = LL_USART_IsActiveFlag_ORE
</UL>
<BR>[Called By]<UL><LI><a href="#[32e]">&gt;&gt;</a>&nbsp;&nbsp;&nbsp;USART_IRQTask
</UL>

<P><STRONG><a name="[363]"></a>LL_USART_IsActiveFlag_PE</STRONG> (Thumb, 16 bytes, Stack size 4 bytes, usart_cfg.o(.text.LL_USART_IsActiveFlag_PE))
<BR><BR>[Stack]<UL><LI>Max Depth = 4<LI>Call Chain = LL_USART_IsActiveFlag_PE
</UL>
<BR>[Called By]<UL><LI><a href="#[32e]">&gt;&gt;</a>&nbsp;&nbsp;&nbsp;USART_IRQTask
</UL>

<P><STRONG><a name="[347]"></a>LL_USART_IsActiveFlag_RXNE</STRONG> (Thumb, 16 bytes, Stack size 4 bytes, usart_cfg.o(.text.LL_USART_IsActiveFlag_RXNE))
<BR><BR>[Stack]<UL><LI>Max Depth = 4<LI>Call Chain = LL_USART_IsActiveFlag_RXNE
</UL>
<BR>[Called By]<UL><LI><a href="#[32e]">&gt;&gt;</a>&nbsp;&nbsp;&nbsp;USART_IRQTask
</UL>

<P><STRONG><a name="[34f]"></a>LL_USART_IsActiveFlag_TC</STRONG> (Thumb, 16 bytes, Stack size 4 bytes, usart_cfg.o(.text.LL_USART_IsActiveFlag_TC))
<BR><BR>[Stack]<UL><LI>Max Depth = 4<LI>Call Chain = LL_USART_IsActiveFlag_TC
</UL>
<BR>[Called By]<UL><LI><a href="#[375]">&gt;&gt;</a>&nbsp;&nbsp;&nbsp;USART_PrintfSuspend
<LI><a href="#[32e]">&gt;&gt;</a>&nbsp;&nbsp;&nbsp;USART_IRQTask
</UL>

<P><STRONG><a name="[34c]"></a>LL_USART_IsActiveFlag_TXE</STRONG> (Thumb, 16 bytes, Stack size 4 bytes, usart_cfg.o(.text.LL_USART_IsActiveFlag_TXE))
<BR><BR>[Stack]<UL><LI>Max Depth = 4<LI>Call Chain = LL_USART_IsActiveFlag_TXE
</UL>
<BR>[Called By]<UL><LI><a href="#[375]">&gt;&gt;</a>&nbsp;&nbsp;&nbsp;USART_PrintfSuspend
<LI><a href="#[32e]">&gt;&gt;</a>&nbsp;&nbsp;&nbsp;USART_IRQTask
</UL>

<P><STRONG><a name="[353]"></a>LL_USART_IsActiveFlag_nCTS</STRONG> (Thumb, 16 bytes, Stack size 4 bytes, usart_cfg.o(.text.LL_USART_IsActiveFlag_nCTS))
<BR><BR>[Stack]<UL><LI>Max Depth = 4<LI>Call Chain = LL_USART_IsActiveFlag_nCTS
</UL>
<BR>[Called By]<UL><LI><a href="#[32e]">&gt;&gt;</a>&nbsp;&nbsp;&nbsp;USART_IRQTask
</UL>

<P><STRONG><a name="[354]"></a>LL_USART_IsEnabledIT_CTS</STRONG> (Thumb, 16 bytes, Stack size 4 bytes, usart_cfg.o(.text.LL_USART_IsEnabledIT_CTS))
<BR><BR>[Stack]<UL><LI>Max Depth = 4<LI>Call Chain = LL_USART_IsEnabledIT_CTS
</UL>
<BR>[Called By]<UL><LI><a href="#[32e]">&gt;&gt;</a>&nbsp;&nbsp;&nbsp;USART_IRQTask
</UL>

<P><STRONG><a name="[35d]"></a>LL_USART_IsEnabledIT_ERROR</STRONG> (Thumb, 16 bytes, Stack size 4 bytes, usart_cfg.o(.text.LL_USART_IsEnabledIT_ERROR))
<BR><BR>[Stack]<UL><LI>Max Depth = 4<LI>Call Chain = LL_USART_IsEnabledIT_ERROR
</UL>
<BR>[Called By]<UL><LI><a href="#[32e]">&gt;&gt;</a>&nbsp;&nbsp;&nbsp;USART_IRQTask
</UL>

<P><STRONG><a name="[35a]"></a>LL_USART_IsEnabledIT_IDLE</STRONG> (Thumb, 16 bytes, Stack size 4 bytes, usart_cfg.o(.text.LL_USART_IsEnabledIT_IDLE))
<BR><BR>[Stack]<UL><LI>Max Depth = 4<LI>Call Chain = LL_USART_IsEnabledIT_IDLE
</UL>
<BR>[Called By]<UL><LI><a href="#[32e]">&gt;&gt;</a>&nbsp;&nbsp;&nbsp;USART_IRQTask
</UL>

<P><STRONG><a name="[357]"></a>LL_USART_IsEnabledIT_LBD</STRONG> (Thumb, 16 bytes, Stack size 4 bytes, usart_cfg.o(.text.LL_USART_IsEnabledIT_LBD))
<BR><BR>[Stack]<UL><LI>Max Depth = 4<LI>Call Chain = LL_USART_IsEnabledIT_LBD
</UL>
<BR>[Called By]<UL><LI><a href="#[32e]">&gt;&gt;</a>&nbsp;&nbsp;&nbsp;USART_IRQTask
</UL>

<P><STRONG><a name="[364]"></a>LL_USART_IsEnabledIT_PE</STRONG> (Thumb, 16 bytes, Stack size 4 bytes, usart_cfg.o(.text.LL_USART_IsEnabledIT_PE))
<BR><BR>[Stack]<UL><LI>Max Depth = 4<LI>Call Chain = LL_USART_IsEnabledIT_PE
</UL>
<BR>[Called By]<UL><LI><a href="#[32e]">&gt;&gt;</a>&nbsp;&nbsp;&nbsp;USART_IRQTask
</UL>

<P><STRONG><a name="[348]"></a>LL_USART_IsEnabledIT_RXNE</STRONG> (Thumb, 16 bytes, Stack size 4 bytes, usart_cfg.o(.text.LL_USART_IsEnabledIT_RXNE))
<BR><BR>[Stack]<UL><LI>Max Depth = 4<LI>Call Chain = LL_USART_IsEnabledIT_RXNE
</UL>
<BR>[Called By]<UL><LI><a href="#[32e]">&gt;&gt;</a>&nbsp;&nbsp;&nbsp;USART_IRQTask
</UL>

<P><STRONG><a name="[350]"></a>LL_USART_IsEnabledIT_TC</STRONG> (Thumb, 16 bytes, Stack size 4 bytes, usart_cfg.o(.text.LL_USART_IsEnabledIT_TC))
<BR><BR>[Stack]<UL><LI>Max Depth = 4<LI>Call Chain = LL_USART_IsEnabledIT_TC
</UL>
<BR>[Called By]<UL><LI><a href="#[375]">&gt;&gt;</a>&nbsp;&nbsp;&nbsp;USART_PrintfSuspend
<LI><a href="#[32e]">&gt;&gt;</a>&nbsp;&nbsp;&nbsp;USART_IRQTask
</UL>

<P><STRONG><a name="[34d]"></a>LL_USART_IsEnabledIT_TXE</STRONG> (Thumb, 16 bytes, Stack size 4 bytes, usart_cfg.o(.text.LL_USART_IsEnabledIT_TXE))
<BR><BR>[Stack]<UL><LI>Max Depth = 4<LI>Call Chain = LL_USART_IsEnabledIT_TXE
</UL>
<BR>[Called By]<UL><LI><a href="#[375]">&gt;&gt;</a>&nbsp;&nbsp;&nbsp;USART_PrintfSuspend
<LI><a href="#[32e]">&gt;&gt;</a>&nbsp;&nbsp;&nbsp;USART_IRQTask
</UL>

<P><STRONG><a name="[349]"></a>LL_USART_ReceiveData8</STRONG> (Thumb, 14 bytes, Stack size 4 bytes, usart_cfg.o(.text.LL_USART_ReceiveData8))
<BR><BR>[Stack]<UL><LI>Max Depth = 4<LI>Call Chain = LL_USART_ReceiveData8
</UL>
<BR>[Called By]<UL><LI><a href="#[32e]">&gt;&gt;</a>&nbsp;&nbsp;&nbsp;USART_IRQTask
</UL>

<P><STRONG><a name="[369]"></a>LL_USART_TransmitData8</STRONG> (Thumb, 22 bytes, Stack size 8 bytes, usart_cfg.o(.text.LL_USART_TransmitData8))
<BR><BR>[Stack]<UL><LI>Max Depth = 8<LI>Call Chain = LL_USART_TransmitData8
</UL>
<BR>[Called By]<UL><LI><a href="#[2f5]">&gt;&gt;</a>&nbsp;&nbsp;&nbsp;USART_Printf
<LI><a href="#[34e]">&gt;&gt;</a>&nbsp;&nbsp;&nbsp;USART_ITWrite_TXETask
<LI><a href="#[36e]">&gt;&gt;</a>&nbsp;&nbsp;&nbsp;USART_ITWrite_TCTask
<LI><a href="#[366]">&gt;&gt;</a>&nbsp;&nbsp;&nbsp;USART_ITPrintf_TCTask
</UL>

<P><STRONG><a name="[316]"></a>NVIC_EncodePriority</STRONG> (Thumb, 110 bytes, Stack size 32 bytes, usart_cfg.o(.text.NVIC_EncodePriority))
<BR><BR>[Stack]<UL><LI>Max Depth = 32<LI>Call Chain = NVIC_EncodePriority
</UL>
<BR>[Called By]<UL><LI><a href="#[314]">&gt;&gt;</a>&nbsp;&nbsp;&nbsp;USART1_Write_DMA_Init
<LI><a href="#[313]">&gt;&gt;</a>&nbsp;&nbsp;&nbsp;USART1_Read_DMA_Init
<LI><a href="#[310]">&gt;&gt;</a>&nbsp;&nbsp;&nbsp;USART1_Init
</UL>

<P><STRONG><a name="[318]"></a>__NVIC_EnableIRQ</STRONG> (Thumb, 52 bytes, Stack size 4 bytes, usart_cfg.o(.text.__NVIC_EnableIRQ))
<BR><BR>[Stack]<UL><LI>Max Depth = 4<LI>Call Chain = __NVIC_EnableIRQ
</UL>
<BR>[Called By]<UL><LI><a href="#[314]">&gt;&gt;</a>&nbsp;&nbsp;&nbsp;USART1_Write_DMA_Init
<LI><a href="#[313]">&gt;&gt;</a>&nbsp;&nbsp;&nbsp;USART1_Read_DMA_Init
<LI><a href="#[310]">&gt;&gt;</a>&nbsp;&nbsp;&nbsp;USART1_Init
</UL>

<P><STRONG><a name="[315]"></a>__NVIC_GetPriorityGrouping</STRONG> (Thumb, 16 bytes, Stack size 0 bytes, usart_cfg.o(.text.__NVIC_GetPriorityGrouping))
<BR><BR>[Called By]<UL><LI><a href="#[314]">&gt;&gt;</a>&nbsp;&nbsp;&nbsp;USART1_Write_DMA_Init
<LI><a href="#[313]">&gt;&gt;</a>&nbsp;&nbsp;&nbsp;USART1_Read_DMA_Init
<LI><a href="#[310]">&gt;&gt;</a>&nbsp;&nbsp;&nbsp;USART1_Init
</UL>

<P><STRONG><a name="[317]"></a>__NVIC_SetPriority</STRONG> (Thumb, 68 bytes, Stack size 8 bytes, usart_cfg.o(.text.__NVIC_SetPriority))
<BR><BR>[Stack]<UL><LI>Max Depth = 8<LI>Call Chain = __NVIC_SetPriority
</UL>
<BR>[Called By]<UL><LI><a href="#[314]">&gt;&gt;</a>&nbsp;&nbsp;&nbsp;USART1_Write_DMA_Init
<LI><a href="#[313]">&gt;&gt;</a>&nbsp;&nbsp;&nbsp;USART1_Read_DMA_Init
<LI><a href="#[310]">&gt;&gt;</a>&nbsp;&nbsp;&nbsp;USART1_Init
</UL>

<P><STRONG><a name="[272]"></a>LL_RCC_ConfigMCO</STRONG> (Thumb, 42 bytes, Stack size 8 bytes, mco_cfg.o(.text.LL_RCC_ConfigMCO))
<BR><BR>[Stack]<UL><LI>Max Depth = 8<LI>Call Chain = LL_RCC_ConfigMCO
</UL>
<BR>[Called By]<UL><LI><a href="#[271]">&gt;&gt;</a>&nbsp;&nbsp;&nbsp;MCO1_Init
</UL>

<P><STRONG><a name="[38c]"></a>_fp_digits</STRONG> (Thumb, 366 bytes, Stack size 64 bytes, printfa.o(i._fp_digits), UNUSED)
<BR><BR>[Calls]<UL><LI><a href="#[7e]">&gt;&gt;</a>&nbsp;&nbsp;&nbsp;__aeabi_ddiv
<LI><a href="#[77]">&gt;&gt;</a>&nbsp;&nbsp;&nbsp;__aeabi_dadd
<LI><a href="#[7d]">&gt;&gt;</a>&nbsp;&nbsp;&nbsp;__aeabi_dmul
<LI><a href="#[81]">&gt;&gt;</a>&nbsp;&nbsp;&nbsp;__aeabi_d2ulz
<LI><a href="#[38d]">&gt;&gt;</a>&nbsp;&nbsp;&nbsp;__aeabi_cdrcmple
<LI><a href="#[71]">&gt;&gt;</a>&nbsp;&nbsp;&nbsp;__aeabi_uldivmod
</UL>
<BR>[Called By]<UL><LI><a href="#[38b]">&gt;&gt;</a>&nbsp;&nbsp;&nbsp;_printf_core
</UL>

<P><STRONG><a name="[38b]"></a>_printf_core</STRONG> (Thumb, 1744 bytes, Stack size 136 bytes, printfa.o(i._printf_core), UNUSED)
<BR><BR>[Calls]<UL><LI><a href="#[390]">&gt;&gt;</a>&nbsp;&nbsp;&nbsp;__aeabi_uidivmod
<LI><a href="#[38e]">&gt;&gt;</a>&nbsp;&nbsp;&nbsp;_printf_pre_padding
<LI><a href="#[38f]">&gt;&gt;</a>&nbsp;&nbsp;&nbsp;_printf_post_padding
<LI><a href="#[38c]">&gt;&gt;</a>&nbsp;&nbsp;&nbsp;_fp_digits
<LI><a href="#[71]">&gt;&gt;</a>&nbsp;&nbsp;&nbsp;__aeabi_uldivmod
</UL>
<BR>[Called By]<UL><LI><a href="#[38a]">&gt;&gt;</a>&nbsp;&nbsp;&nbsp;__0vsnprintf
</UL>

<P><STRONG><a name="[38f]"></a>_printf_post_padding</STRONG> (Thumb, 36 bytes, Stack size 24 bytes, printfa.o(i._printf_post_padding), UNUSED)
<BR><BR>[Called By]<UL><LI><a href="#[38b]">&gt;&gt;</a>&nbsp;&nbsp;&nbsp;_printf_core
</UL>

<P><STRONG><a name="[38e]"></a>_printf_pre_padding</STRONG> (Thumb, 46 bytes, Stack size 24 bytes, printfa.o(i._printf_pre_padding), UNUSED)
<BR><BR>[Called By]<UL><LI><a href="#[38b]">&gt;&gt;</a>&nbsp;&nbsp;&nbsp;_printf_core
</UL>

<P><STRONG><a name="[6c]"></a>_snputc</STRONG> (Thumb, 22 bytes, Stack size 0 bytes, printfa.o(i._snputc))
<BR>[Address Reference Count : 1]<UL><LI> printfa.o(i.__0vsnprintf)
</UL><P>
<H3>
Undefined Global Symbols
</H3><HR></body></html>
